Archive member included to satisfy reference by file (symbol)

c:/devkitPro/libctru/lib\libctru.a(console.o)
                              main.o (consoleInit)
c:/devkitPro/libctru/lib\libctru.a(gfx.o)
                              c:/devkitPro/libctru/lib\libctru.a(console.o) (gfxSetScreenFormat)
c:/devkitPro/libctru/lib\libctru.a(gx.o)
                              c:/devkitPro/libctru/lib\libctru.a(gfx.o) (gxCmdBuf)
c:/devkitPro/libctru/lib\libctru.a(apt.o)
                              main.o (aptMainLoop)
c:/devkitPro/libctru/lib\libctru.a(gspgpu.o)
                              c:/devkitPro/libctru/lib\libctru.a(gfx.o) (gspInit)
c:/devkitPro/libctru/lib\libctru.a(hid.o)
                              main.o (hidScanInput)
c:/devkitPro/libctru/lib\libctru.a(irrst.o)
                              c:/devkitPro/libctru/lib\libctru.a(hid.o) (irrstScanInput)
c:/devkitPro/libctru/lib\libctru.a(initArgv.o)
                              c:/devkitpro/devkitarm/bin/../lib/gcc/arm-none-eabi/5.3.0/../../../../arm-none-eabi/lib/armv6k/fpu/3dsx_crt0.o (__system_argc)
c:/devkitPro/libctru/lib\libctru.a(initSystem.o)
                              c:/devkitPro/libctru/lib\libctru.a(apt.o) (__system_retAddr)
c:/devkitPro/libctru/lib\libctru.a(syscalls.o)
                              c:/devkitPro/libctru/lib\libctru.a(initSystem.o) (__system_initSyscalls)
c:/devkitPro/libctru/lib\libctru.a(svc.o)
                              c:/devkitPro/libctru/lib\libctru.a(gfx.o) (svcCreateEvent)
c:/devkitPro/libctru/lib\libctru.a(stack_adjust.o)
                              c:/devkitpro/devkitarm/bin/../lib/gcc/arm-none-eabi/5.3.0/../../../../arm-none-eabi/lib/armv6k/fpu/3dsx_crt0.o (initSystem)
c:/devkitPro/libctru/lib\libctru.a(default_font.bin.o)
                              c:/devkitPro/libctru/lib\libctru.a(console.o) (default_font_bin)
c:/devkitPro/libctru/lib\libctru.a(linear.o)
                              c:/devkitPro/libctru/lib\libctru.a(gfx.o) (linearAlloc)
c:/devkitPro/libctru/lib\libctru.a(mappable.o)
                              c:/devkitPro/libctru/lib\libctru.a(gfx.o) (mappableAlloc)
c:/devkitPro/libctru/lib\libctru.a(mem_pool.o)
                              c:/devkitPro/libctru/lib\libctru.a(linear.o) (MemPool::Allocate(MemChunk&, unsigned long, int))
c:/devkitPro/libctru/lib\libctru.a(vram.o)
                              c:/devkitPro/libctru/lib\libctru.a(gfx.o) (vramAlloc)
c:/devkitPro/libctru/lib\libctru.a(env.o)
                              c:/devkitPro/libctru/lib\libctru.a(irrst.o) (envGetHandle)
c:/devkitPro/libctru/lib\libctru.a(os.o)
                              c:/devkitPro/libctru/lib\libctru.a(syscalls.o) (__libctru_gtod)
c:/devkitPro/libctru/lib\libctru.a(srv.o)
                              c:/devkitPro/libctru/lib\libctru.a(apt.o) (srvGetServiceHandle)
c:/devkitPro/libctru/lib\libctru.a(synchronization.o)
                              c:/devkitPro/libctru/lib\libctru.a(initSystem.o) (__sync_init)
c:/devkitPro/libctru/lib\libctru.a(thread.o)
                              c:/devkitPro/libctru/lib\libctru.a(apt.o) (threadCreate)
c:/devkitPro/libctru/lib\libctru.a(ptmsysm.o)
                              c:/devkitPro/libctru/lib\libctru.a(os.o) (ptmSysmInit)
c:/devkitPro/libctru/lib\libctru.a(rbtree_find.o)
                              c:/devkitPro/libctru/lib\libctru.a(linear.o) (rbtree_find)
c:/devkitPro/libctru/lib\libctru.a(rbtree_init.o)
                              c:/devkitPro/libctru/lib\libctru.a(linear.o) (rbtree_init)
c:/devkitPro/libctru/lib\libctru.a(rbtree_insert.o)
                              c:/devkitPro/libctru/lib\libctru.a(linear.o) (rbtree_insert)
c:/devkitPro/libctru/lib\libctru.a(rbtree_remove.o)
                              c:/devkitPro/libctru/lib\libctru.a(linear.o) (rbtree_remove)
c:/devkitPro/libctru/lib\libctru.a(rbtree_rotate.o)
                              c:/devkitPro/libctru/lib\libctru.a(rbtree_insert.o) (rbtree_rotate)
c:/devkitPro/libctru/lib\libctru.a(allocateHeaps.o)
                              c:/devkitPro/libctru/lib\libctru.a(initSystem.o) (__system_allocateHeaps)
c:/devkitPro/libctru/lib\libctru.a(appExit.o)
                              c:/devkitPro/libctru/lib\libctru.a(stack_adjust.o) (__appExit)
c:/devkitPro/libctru/lib\libctru.a(appInit.o)
                              c:/devkitPro/libctru/lib\libctru.a(stack_adjust.o) (__appInit)
c:/devkitPro/libctru/lib\libctru.a(ctru_exit.o)
                              c:/devkitPro/libctru/lib\libctru.a(stack_adjust.o) (__libctru_exit)
c:/devkitPro/libctru/lib\libctru.a(sdmc_dev.o)
                              c:/devkitPro/libctru/lib\libctru.a(appInit.o) (sdmcInit)
c:/devkitPro/libctru/lib\libctru.a(fs.o)
                              c:/devkitPro/libctru/lib\libctru.a(appInit.o) (fsInit)
c:/devkitPro/libctru/lib\libctru.a(rbtree_iterator.o)
[...]
Memory Configuration

Name             Origin             Length             Attributes
*default*        0x00000000         0xffffffff

Linker script and memory map

                0x00100000                . = 0x100000
                0x00100000                __start__ = .

.text           0x00100000    0x20e34
 *(.crt0)
 .crt0          0x00100000       0x94 c:/devkitpro/devkitarm/bin/../lib/gcc/arm-none-eabi/5.3.0/../../../../arm-none-eabi/lib/armv6k/fpu/3dsx_crt0.o
                0x00100000                _start
                0x00100008                __service_ptr
                0x0010000c                __apt_appid
                0x00100010                __heap_size
                0x00100014                __linear_heap_size
                0x00100018                __system_arglist
                0x0010001c                __system_runflags
 *(.init)
 .init          0x00100094        0xc c:/devkitpro/devkitarm/bin/../lib/gcc/arm-none-eabi/5.3.0/armv6k/fpu/crti.o
                0x00100094                _init
 .init          0x001000a0        0xc c:/devkitpro/devkitarm/bin/../lib/gcc/arm-none-eabi/5.3.0/armv6k/fpu/crtn.o
                0x001000ac                . = ALIGN (0x4)
 *(.text)
 .text          0x001000ac      0x108 c:/devkitpro/devkitarm/bin/../lib/gcc/arm-none-eabi/5.3.0/armv6k/fpu/crtbegin.o
 .text          0x001001b4       0x64 c:/devkitPro/libctru/lib\libctru.a(stack_adjust.o)
                0x001001b4                initSystem
                0x001001f8                __ctru_exit
 .text          0x00100218      0x240 c:/devkitpro/devkitarm/bin/../lib/gcc/arm-none-eabi/5.3.0/armv6k/fpu\libgcc.a(_divsi3.o)
                0x00100218                __divsi3
                0x00100218                __aeabi_idiv
                0x00100438                __aeabi_idivmod
 .text          0x00100458        0x4 c:/devkitpro/devkitarm/bin/../lib/gcc/arm-none-eabi/5.3.0/armv6k/fpu\libgcc.a(_dvmd_tls.o)
                0x00100458                __aeabi_idiv0
                0x00100458                __aeabi_ldiv0
 *fill*         0x0010045c        0x4 
 .text          0x00100460      0x3a0 c:/devkitpro/devkitarm/bin/../lib/gcc/arm-none-eabi/5.3.0/../../../../arm-none-eabi/lib/armv6k/fpu\libg.a(lib_a-strcmp.o)
                0x00100468                strcmp
 .text          0x00100800      0x1c4 c:/devkitpro/devkitarm/bin/../lib/gcc/arm-none-eabi/5.3.0/../../../../arm-none-eabi/lib/armv6k/fpu\libsysbase.a(iosupport.o)
                0x00100808                setDefaultDevice
                0x00100820                FindDevice
                0x001008dc                RemoveDevice
                0x00100908                AddDevice
                0x001009a0                GetDeviceOpTab
 .text          0x001009c4       0x7c c:/devkitpro/devkitarm/bin/../lib/gcc/arm-none-eabi/5.3.0/../../../../arm-none-eabi/lib/armv6k/fpu\libsysbase.a(close.o)
                0x001009c4                _close_r
 .text          0x00100a40       0x6c c:/devkitpro/devkitarm/bin/../lib/gcc/arm-none-eabi/5.3.0/../../../../arm-none-eabi/lib/armv6k/fpu\libsysbase.a(fstat.o)
                0x00100a40                _fstat_r
 .text          0x00100aac        0x8 c:/devkitpro/devkitarm/bin/../lib/gcc/arm-none-eabi/5.3.0/../../../../arm-none-eabi/lib/armv6k/fpu\libsysbase.a(isatty.o)
                0x00100aac                _isatty_r
 .text          0x00100ab4       0x78 c:/devkitpro/devkitarm/bin/../lib/gcc/arm-none-eabi/5.3.0/../../../../arm-none-eabi/lib/armv6k/fpu\libsysbase.a(lseek.o)
                0x00100ab4                _lseek_r
 .text          0x00100b2c       0x78 c:/devkitpro/devkitarm/bin/../lib/gcc/arm-none-eabi/5.3.0/../../../../arm-none-eabi/lib/armv6k/fpu\libsysbase.a(read.o)
                0x00100b2c                _read_r
 .text          0x00100ba4       0x70 c:/devkitpro/devkitarm/bin/../lib/gcc/arm-none-eabi/5.3.0/../../../../arm-none-eabi/lib/armv6k/fpu\libsysbase.a(sbrk.o)
                0x00100ba4                _sbrk_r
 .text          0x00100c14       0x78 c:/devkitpro/devkitarm/bin/../lib/gcc/arm-none-eabi/5.3.0/../../../../arm-none-eabi/lib/armv6k/fpu\libsysbase.a(write.o)
                0x00100c14                _write_r
 .text          0x00100c8c      0x3b0 c:/devkitpro/devkitarm/bin/../lib/gcc/arm-none-eabi/5.3.0/../../../../arm-none-eabi/lib/armv6k/fpu\libsysbase.a(chdir.o)
                0x00100c8c                _concatenate_path
                0x00100e48                chdir
                0x00100f9c                getcwd
 .text          0x0010103c       0x10 c:/devkitpro/devkitarm/bin/../lib/gcc/arm-none-eabi/5.3.0/../../../../arm-none-eabi/lib/armv6k/fpu\libsysbase.a(flock.o)
                0x0010103c                __flockfile
                0x00101044                __funlockfile
 .text          0x0010104c      0x108 c:/devkitpro/devkitarm/bin/../lib/gcc/arm-none-eabi/5.3.0/../../../../arm-none-eabi/lib/armv6k/fpu\libsysbase.a(syscall_support.o)
                0x0010104c                __libc_lock_init
                0x00101064                __libc_lock_acquire
                0x0010107c                __libc_lock_try_acquire
                0x001010a0                __libc_lock_release
                0x001010b8                __libc_lock_close
                0x001010d0                __libc_lock_init_recursive
                0x001010e8                __libc_lock_acquire_recursive
                0x00101100                __libc_lock_try_acquire_recursive
                0x00101124                __libc_lock_release_recursive
                0x0010113c                __libc_lock_close_recursive
 .text          0x00101154      0x2c4 c:/devkitpro/devkitarm/bin/../lib/gcc/arm-none-eabi/5.3.0/../../../../arm-none-eabi/lib/armv6k/fpu\libsysbase.a(handle_manager.o)
                0x00101154                __free_handle
                0x00101198                __release_handle
                0x001011d4                __alloc_handle
                0x0010124c                __get_handle
                0x00101268                dup
                0x0010130c                dup2
 .text          0x00101418       0x28 c:/devkitpro/devkitarm/bin/../lib/gcc/arm-none-eabi/5.3.0/../../../../arm-none-eabi/lib/armv6k/fpu\libsysbase.a(getreent.o)
                0x00101418                __getreent
 .text          0x00101440      0x20c c:/devkitpro/devkitarm/bin/../lib/gcc/arm-none-eabi/5.3.0/armv6k/fpu\libgcc.a(_udivsi3.o)
                0x00101440                __aeabi_uidiv
                0x00101440                __udivsi3
                0x0010162c                __aeabi_uidivmod
 .text          0x0010164c       0x3c c:/devkitpro/devkitarm/bin/../lib/gcc/arm-none-eabi/5.3.0/armv6k/fpu\libgcc.a(_aeabi_uldivmod.o)
                0x0010164c                __aeabi_uldivmod
 .text          0x00101688      0x128 c:/devkitpro/devkitarm/bin/../lib/gcc/arm-none-eabi/5.3.0/armv6k/fpu\libgcc.a(_udivmoddi4.o)
                0x00101688                __udivmoddi4
 *(.text.*)
 .text.startup  0x001017b0       0x8c main.o
                0x001017b0                main
 .text.debug_write
                0x0010183c       0x1c c:/devkitPro/libctru/lib\libctru.a(console.o)
                0x0010183c                debug_write
 .text.consoleDrawChar
                0x00101858      0x1ac c:/devkitPro/libctru/lib\libctru.a(console.o)
                0x00101858                consoleDrawChar
 .text.consolePrintChar
                0x00101a04      0x128 c:/devkitPro/libctru/lib\libctru.a(console.o)
                0x00101a04                consolePrintChar
 .text.consoleCls
                0x00101b2c      0x184 c:/devkitPro/libctru/lib\libctru.a(console.o)
 .text.consoleInit
                0x00101cb0       0xf8 c:/devkitPro/libctru/lib\libctru.a(console.o)
                0x00101cb0                consoleInit
 .text.consoleClearLine
                0x00101da8      0x138 c:/devkitPro/libctru/lib\libctru.a(console.o)
 .text.newRow   0x00101ee0       0xc0 c:/devkitPro/libctru/lib\libctru.a(console.o)
 .text.con_write
                0x00101fa0      0x86c c:/devkitPro/libctru/lib\libctru.a(console.o)
                0x00101fa0                con_write
 .text.gfxSetFramebufferInfo.part.0
                0x0010280c       0x8c c:/devkitPro/libctru/lib\libctru.a(gfx.o)
 .text.gfxSetScreenFormat
                0x00102898       0x18 c:/devkitPro/libctru/lib\libctru.a(gfx.o)
                0x00102898                gfxSetScreenFormat
 .text.gfxSetDoubleBuffering
                0x001028b0       0x14 c:/devkitPro/libctru/lib\libctru.a(gfx.o)
                0x001028b0                gfxSetDoubleBuffering
 .text.gfxSetFramebufferInfo
                0x001028c4       0x70 c:/devkitPro/libctru/lib\libctru.a(gfx.o)
                0x001028c4                gfxSetFramebufferInfo
 .text.gfxWriteFramebufferInfo
                0x00102934       0x88 c:/devkitPro/libctru/lib\libctru.a(gfx.o)
                0x00102934                gfxWriteFramebufferInfo
 .text.gfxInit  0x001029bc      0x1d0 c:/devkitPro/libctru/lib\libctru.a(gfx.o)
                0x001029bc                gfxInit
 .text.gfxInitDefault
                0x00102b8c       0x10 c:/devkitPro/libctru/lib\libctru.a(gfx.o)
                0x00102b8c                gfxInitDefault
 .text.gfxExit  0x00102b9c       0xe0 c:/devkitPro/libctru/lib\libctru.a(gfx.o)
                0x00102b9c                gfxExit
 .text.gfxGetFramebuffer
                0x00102c7c       0xb0 c:/devkitPro/libctru/lib\libctru.a(gfx.o)
                0x00102c7c                gfxGetFramebuffer
 .text.gfxFlushBuffers
                0x00102d2c       0xcc c:/devkitPro/libctru/lib\libctru.a(gfx.o)
                0x00102d2c                gfxFlushBuffers
 .text.gfxConfigScreen
                0x00102df8       0x70 c:/devkitPro/libctru/lib\libctru.a(gfx.o)
                0x00102df8                gfxConfigScreen
 .text.gfxSwapBuffers
                0x00102e68       0x20 c:/devkitPro/libctru/lib\libctru.a(gfx.o)
                0x00102e68                gfxSwapBuffers
 .text.gfxSwapBuffersGpu
                0x00102e88       0x20 c:/devkitPro/libctru/lib\libctru.a(gfx.o)
                0x00102e88                gfxSwapBuffersGpu
 .text.__apt_initservicehandle
                0x00102ea8       0x68 c:/devkitPro/libctru/lib\libctru.a(apt.o)
 .text._aptDebug
                0x00102f10        0x4 c:/devkitPro/libctru/lib\libctru.a(apt.o)
                0x00102f10                _aptDebug
 .text.aptInitCaptureInfo
                0x00102f14       0x98 c:/devkitPro/libctru/lib\libctru.a(apt.o)
                0x00102f14                aptInitCaptureInfo
 .text.aptWaitStatusEvent
                0x00102fac       0x28 c:/devkitPro/libctru/lib\libctru.a(apt.o)
                0x00102fac                aptWaitStatusEvent
 .text.aptGetMenuAppID
                0x00102fd4       0x60 c:/devkitPro/libctru/lib\libctru.a(apt.o)
                0x00102fd4                aptGetMenuAppID
 .text.aptSetStatus
                0x00103034       0x6c c:/devkitPro/libctru/lib\libctru.a(apt.o)
                0x00103034                aptSetStatus
 .text.APT_GetLockHandle
                0x001030a0       0x48 c:/devkitPro/libctru/lib\libctru.a(apt.o)
                0x001030a0                APT_GetLockHandle
 .text.APT_Initialize
                0x001030e8       0x60 c:/devkitPro/libctru/lib\libctru.a(apt.o)
                0x001030e8                APT_Initialize
 .text.APT_Finalize
                0x00103148       0x34 c:/devkitPro/libctru/lib\libctru.a(apt.o)
                0x00103148                APT_Finalize
 .text.APT_InquireNotification
                0x0010317c       0x48 c:/devkitPro/libctru/lib\libctru.a(apt.o)
                0x0010317c                APT_InquireNotification
 .text.APT_PrepareToJumpToHomeMenu
                0x001031c4       0x2c c:/devkitPro/libctru/lib\libctru.a(apt.o)
                0x001031c4                APT_PrepareToJumpToHomeMenu
 .text.APT_JumpToHomeMenu
                0x001031f0       0x50 c:/devkitPro/libctru/lib\libctru.a(apt.o)
                0x001031f0                APT_JumpToHomeMenu
 .text.APT_PrepareToJumpToApplication
                0x00103240       0x34 c:/devkitPro/libctru/lib\libctru.a(apt.o)
                0x00103240                APT_PrepareToJumpToApplication
 .text.APT_JumpToApplication
                0x00103274       0x50 c:/devkitPro/libctru/lib\libctru.a(apt.o)
                0x00103274                APT_JumpToApplication
 .text.APT_NotifyToWait
                0x001032c4       0x34 c:/devkitPro/libctru/lib\libctru.a(apt.o)
                0x001032c4                APT_NotifyToWait
 .text.APT_AppletUtility
                0x001032f8       0x7c c:/devkitPro/libctru/lib\libctru.a(apt.o)
                0x001032f8                APT_AppletUtility
 .text.aptAppletUtility_Exit_RetToApp
                0x00103374      0x188 c:/devkitPro/libctru/lib\libctru.a(apt.o)
                0x00103374                aptAppletUtility_Exit_RetToApp
 .text.aptAppletClosed
                0x001034fc       0x3c c:/devkitPro/libctru/lib\libctru.a(apt.o)
                0x001034fc                aptAppletClosed
 .text.aptAppStarted
                0x00103538      0x114 c:/devkitPro/libctru/lib\libctru.a(apt.o)
 .text.aptInit  0x0010364c      0x298 c:/devkitPro/libctru/lib\libctru.a(apt.o)
                0x0010364c                aptInit
 .text.APT_ReceiveParameter
                0x001038e4       0x6c c:/devkitPro/libctru/lib\libctru.a(apt.o)
                0x001038e4                APT_ReceiveParameter
 .text.APT_SendParameter
                0x00103950       0x64 c:/devkitPro/libctru/lib\libctru.a(apt.o)
                0x00103950                APT_SendParameter
 .text.APT_SendCaptureBufferInfo
                0x001039b4       0x44 c:/devkitPro/libctru/lib\libctru.a(apt.o)
                0x001039b4                APT_SendCaptureBufferInfo
 .text.aptReturnToMenu
                0x001039f8      0x264 c:/devkitPro/libctru/lib\libctru.a(apt.o)
                0x001039f8                aptReturnToMenu
 .text.APT_ReplySleepQuery
                0x00103c5c       0x38 c:/devkitPro/libctru/lib\libctru.a(apt.o)
                0x00103c5c                APT_ReplySleepQuery
 .text.APT_ReplySleepNotificationComplete
                0x00103c94       0x34 c:/devkitPro/libctru/lib\libctru.a(apt.o)
                0x00103c94                APT_ReplySleepNotificationComplete
 .text.aptEventHandler
                0x00103cc8      0x3f4 c:/devkitPro/libctru/lib\libctru.a(apt.o)
                0x00103cc8                aptEventHandler
 .text.APT_PrepareToCloseApplication
                0x001040bc       0x34 c:/devkitPro/libctru/lib\libctru.a(apt.o)
                0x001040bc                APT_PrepareToCloseApplication
 .text.APT_CloseApplication
                0x001040f0       0x50 c:/devkitPro/libctru/lib\libctru.a(apt.o)
                0x001040f0                APT_CloseApplication
 .text.aptExit  0x00104140      0x2d0 c:/devkitPro/libctru/lib\libctru.a(apt.o)
                0x00104140                aptExit
 .text.APT_CheckNew3DS_System
                0x00104410       0x6c c:/devkitPro/libctru/lib\libctru.a(apt.o)
                0x00104410                APT_CheckNew3DS_System
 .text.APT_CheckNew3DS
                0x0010447c       0x8c c:/devkitPro/libctru/lib\libctru.a(apt.o)
                0x0010447c                APT_CheckNew3DS
 .text.APT_StartLibraryApplet
                0x00104508       0x54 c:/devkitPro/libctru/lib\libctru.a(apt.o)
                0x00104508                APT_StartLibraryApplet
 .text.aptAppletStarted
                0x0010455c      0x174 c:/devkitPro/libctru/lib\libctru.a(apt.o)
                0x0010455c                aptAppletStarted
 .text.aptMainLoop
                0x001046d0      0x1a4 c:/devkitPro/libctru/lib\libctru.a(apt.o)
                0x001046d0                aptMainLoop
 .text.gspEventThreadMain
                0x00104874      0x124 c:/devkitPro/libctru/lib\libctru.a(gspgpu.o)
 .text.gspInit  0x00104998       0x74 c:/devkitPro/libctru/lib\libctru.a(gspgpu.o)
                0x00104998                gspInit
 .text.gspExit  0x00104a0c       0x3c c:/devkitPro/libctru/lib\libctru.a(gspgpu.o)
                0x00104a0c                gspExit
 .text.gspInitEventHandler
                0x00104a48       0xd0 c:/devkitPro/libctru/lib\libctru.a(gspgpu.o)
                0x00104a48                gspInitEventHandler
 .text.gspExitEventHandler
                0x00104b18       0x5c c:/devkitPro/libctru/lib\libctru.a(gspgpu.o)
                0x00104b18                gspExitEventHandler
 .text.gspWaitForEvent
                0x00104b74       0x58 c:/devkitPro/libctru/lib\libctru.a(gspgpu.o)
                0x00104b74                gspWaitForEvent
 .text.GSPGPU_SetBufferSwap
                0x00104bcc       0x6c c:/devkitPro/libctru/lib\libctru.a(gspgpu.o)
                0x00104bcc                GSPGPU_SetBufferSwap
 .text.GSPGPU_FlushDataCache
                0x00104c38       0x4c c:/devkitPro/libctru/lib\libctru.a(gspgpu.o)
                0x00104c38                GSPGPU_FlushDataCache
 .text.GSPGPU_SetLcdForceBlack
                0x00104c84       0x34 c:/devkitPro/libctru/lib\libctru.a(gspgpu.o)
                0x00104c84                GSPGPU_SetLcdForceBlack
 .text.GSPGPU_RegisterInterruptRelayQueue
                0x00104cb8       0x64 c:/devkitPro/libctru/lib\libctru.a(gspgpu.o)
                0x00104cb8                GSPGPU_RegisterInterruptRelayQueue
 .text.GSPGPU_UnregisterInterruptRelayQueue
                0x00104d1c       0x2c c:/devkitPro/libctru/lib\libctru.a(gspgpu.o)
                0x00104d1c                GSPGPU_UnregisterInterruptRelayQueue
 .text.GSPGPU_AcquireRight
                0x00104d48       0x48 c:/devkitPro/libctru/lib\libctru.a(gspgpu.o)
                0x00104d48                GSPGPU_AcquireRight
 .text.GSPGPU_ReleaseRight
                0x00104d90       0x2c c:/devkitPro/libctru/lib\libctru.a(gspgpu.o)
                0x00104d90                GSPGPU_ReleaseRight
 .text.GSPGPU_ImportDisplayCaptureInfo
                0x00104dbc       0x80 c:/devkitPro/libctru/lib\libctru.a(gspgpu.o)
                0x00104dbc                GSPGPU_ImportDisplayCaptureInfo
 .text.GSPGPU_SaveVramSysArea
                0x00104e3c       0x2c c:/devkitPro/libctru/lib\libctru.a(gspgpu.o)
                0x00104e3c                GSPGPU_SaveVramSysArea
 .text.GSPGPU_RestoreVramSysArea
                0x00104e68       0x2c c:/devkitPro/libctru/lib\libctru.a(gspgpu.o)
                0x00104e68                GSPGPU_RestoreVramSysArea
 .text.hidExit  0x00104e94       0xd8 c:/devkitPro/libctru/lib\libctru.a(hid.o)
                0x00104e94                hidExit
 .text.hidScanInput
                0x00104f6c      0x238 c:/devkitPro/libctru/lib\libctru.a(hid.o)
                0x00104f6c                hidScanInput
 .text.hidKeysDown
                0x001051a4       0x10 c:/devkitPro/libctru/lib\libctru.a(hid.o)
                0x001051a4                hidKeysDown
 .text.HIDUSER_GetHandles
                0x001051b4       0x90 c:/devkitPro/libctru/lib\libctru.a(hid.o)
                0x001051b4                HIDUSER_GetHandles
 .text.hidInit  0x00105244      0x184 c:/devkitPro/libctru/lib\libctru.a(hid.o)
                0x00105244                hidInit
 .text.irrstScanInput
                0x001053c8       0xb0 c:/devkitPro/libctru/lib\libctru.a(irrst.o)
                0x001053c8                irrstScanInput
 .text.irrstKeysHeld
                0x00105478       0x1c c:/devkitPro/libctru/lib\libctru.a(irrst.o)
                0x00105478                irrstKeysHeld
 .text.IRRST_GetHandles
                0x00105494       0x50 c:/devkitPro/libctru/lib\libctru.a(irrst.o)
                0x00105494                IRRST_GetHandles
 .text.irrstInit
                0x001054e4      0x148 c:/devkitPro/libctru/lib\libctru.a(irrst.o)
                0x001054e4                irrstInit
 .text.IRRST_Shutdown
                0x0010562c       0x2c c:/devkitPro/libctru/lib\libctru.a(irrst.o)
                0x0010562c                IRRST_Shutdown
 .text.irrstExit
                0x00105658       0xb0 c:/devkitPro/libctru/lib\libctru.a(irrst.o)
                0x00105658                irrstExit
 .text.__system_initArgv
                0x00105708       0xf4 c:/devkitPro/libctru/lib\libctru.a(initArgv.o)
                0x00105708                __system_initArgv
 .text.__libctru_init
                0x001057fc       0x38 c:/devkitPro/libctru/lib\libctru.a(initSystem.o)
                0x001057fc                __libctru_init
 .text.__ctru_get_reent
                0x00105834       0x30 c:/devkitPro/libctru/lib\libctru.a(syscalls.o)
 .text.__system_initSyscalls
                0x00105864       0xe8 c:/devkitPro/libctru/lib\libctru.a(syscalls.o)
                0x00105864                __system_initSyscalls
 .text.svcControlMemory
                0x0010594c       0x20 c:/devkitPro/libctru/lib\libctru.a(svc.o)
                0x0010594c                svcControlMemory
 .text.svcExitProcess
                0x0010596c        0x8 c:/devkitPro/libctru/lib\libctru.a(svc.o)
                0x0010596c                svcExitProcess
 .text.svcCreateThread
                0x00105974       0x20 c:/devkitPro/libctru/lib\libctru.a(svc.o)
                0x00105974                svcCreateThread
 .text.svcExitThread
                0x00105994        0x8 c:/devkitPro/libctru/lib\libctru.a(svc.o)
                0x00105994                svcExitThread
 .text.svcCreateEvent
                0x0010599c       0x14 c:/devkitPro/libctru/lib\libctru.a(svc.o)
                0x0010599c                svcCreateEvent
 .text.svcSignalEvent
                0x001059b0        0x8 c:/devkitPro/libctru/lib\libctru.a(svc.o)
                0x001059b0                svcSignalEvent
 .text.svcClearEvent
                0x001059b8        0x8 c:/devkitPro/libctru/lib\libctru.a(svc.o)
                0x001059b8                svcClearEvent
 .text.svcMapMemoryBlock
                0x001059c0        0x8 c:/devkitPro/libctru/lib\libctru.a(svc.o)
                0x001059c0                svcMapMemoryBlock
 .text.svcUnmapMemoryBlock
                0x001059c8        0x8 c:/devkitPro/libctru/lib\libctru.a(svc.o)
                0x001059c8                svcUnmapMemoryBlock
 .text.svcCreateAddressArbiter
                0x001059d0       0x14 c:/devkitPro/libctru/lib\libctru.a(svc.o)
                0x001059d0                svcCreateAddressArbiter
 .text.svcArbitrateAddress
                0x001059e4       0x18 c:/devkitPro/libctru/lib\libctru.a(svc.o)
                0x001059e4                svcArbitrateAddress
 .text.svcCloseHandle
                0x001059fc        0x8 c:/devkitPro/libctru/lib\libctru.a(svc.o)
                0x001059fc                svcCloseHandle
 .text.svcWaitSynchronization
                0x00105a04        0x8 c:/devkitPro/libctru/lib\libctru.a(svc.o)
                0x00105a04                svcWaitSynchronization
 .text.svcWaitSynchronizationN
                0x00105a0c       0x28 c:/devkitPro/libctru/lib\libctru.a(svc.o)
                0x00105a0c                svcWaitSynchronizationN
 .text.svcDuplicateHandle
                0x00105a34       0x14 c:/devkitPro/libctru/lib\libctru.a(svc.o)
                0x00105a34                svcDuplicateHandle
 .text.svcGetSystemTick
                0x00105a48        0x8 c:/devkitPro/libctru/lib\libctru.a(svc.o)
                0x00105a48                svcGetSystemTick
 .text.svcGetSystemInfo
                0x00105a50       0x18 c:/devkitPro/libctru/lib\libctru.a(svc.o)
                0x00105a50                svcGetSystemInfo
 .text.svcConnectToPort
                0x00105a68       0x14 c:/devkitPro/libctru/lib\libctru.a(svc.o)
                0x00105a68                svcConnectToPort
 .text.svcSendSyncRequest
                0x00105a7c        0x8 c:/devkitPro/libctru/lib\libctru.a(svc.o)
                0x00105a7c                svcSendSyncRequest
 .text.svcBreak
                0x00105a84        0x8 c:/devkitPro/libctru/lib\libctru.a(svc.o)
                0x00105a84                svcBreak
 .text.svcOutputDebugString
                0x00105a8c        0x8 c:/devkitPro/libctru/lib\libctru.a(svc.o)
                0x00105a8c                svcOutputDebugString
 .text._ZL21addrMapNodeComparatorPK11rbtree_nodeS1_
                0x00105a94       0x24 c:/devkitPro/libctru/lib\libctru.a(linear.o)
 .text._ZL21addrMapNodeDestructorP11rbtree_node
                0x00105ab8        0x4 c:/devkitPro/libctru/lib\libctru.a(linear.o)
 .text.linearMemAlign
                0x00105abc      0x140 c:/devkitPro/libctru/lib\libctru.a(linear.o)
                0x00105abc                linearMemAlign
 .text.linearAlloc
                0x00105bfc        0x8 c:/devkitPro/libctru/lib\libctru.a(linear.o)
                0x00105bfc                linearAlloc
 .text.linearFree
                0x00105c04       0x50 c:/devkitPro/libctru/lib\libctru.a(linear.o)
                0x00105c04                linearFree
 .text._ZL21addrMapNodeComparatorPK11rbtree_nodeS1_
                0x00105c54       0x24 c:/devkitPro/libctru/lib\libctru.a(mappable.o)
 .text._ZL21addrMapNodeDestructorP11rbtree_node
                0x00105c78        0x4 c:/devkitPro/libctru/lib\libctru.a(mappable.o)
 .text.mappableAlloc
                0x00105c7c       0xf4 c:/devkitPro/libctru/lib\libctru.a(mappable.o)
                0x00105c7c                mappableAlloc
 .text.mappableFree
                0x00105d70       0x50 c:/devkitPro/libctru/lib\libctru.a(mappable.o)
                0x00105d70                mappableFree
 .text._ZN7MemPool13CoalesceRightEP8MemBlock
                0x00105dc0       0xa0 c:/devkitPro/libctru/lib\libctru.a(mem_pool.o)
                0x00105dc0                MemPool::CoalesceRight(MemBlock*)
 .text._ZN7MemPool8AllocateER8MemChunkmi
                0x00105e60      0x18c c:/devkitPro/libctru/lib\libctru.a(mem_pool.o)
                0x00105e60                MemPool::Allocate(MemChunk&, unsigned long, int)
 .text._ZN7MemPool10DeallocateERK8MemChunk
                0x00105fec      0x104 c:/devkitPro/libctru/lib\libctru.a(mem_pool.o)
                0x00105fec                MemPool::Deallocate(MemChunk const&)
 .text._ZL21addrMapNodeComparatorPK11rbtree_nodeS1_
                0x001060f0       0x24 c:/devkitPro/libctru/lib\libctru.a(vram.o)
 .text._ZL21addrMapNodeDestructorP11rbtree_node
                0x00106114        0x4 c:/devkitPro/libctru/lib\libctru.a(vram.o)
 .text.vramMemAlign
                0x00106118      0x130 c:/devkitPro/libctru/lib\libctru.a(vram.o)
                0x00106118                vramMemAlign
 .text.vramAlloc
                0x00106248        0x8 c:/devkitPro/libctru/lib\libctru.a(vram.o)
                0x00106248                vramAlloc
 .text.vramFree
                0x00106250       0x50 c:/devkitPro/libctru/lib\libctru.a(vram.o)
                0x00106250                vramFree
 .text.envGetHandle
                0x001062a0       0x94 c:/devkitPro/libctru/lib\libctru.a(env.o)
                0x001062a0                envGetHandle
 .text.envDestroyHandles
                0x00106334       0x4c c:/devkitPro/libctru/lib\libctru.a(env.o)
                0x00106334                envDestroyHandles
 .text.getSysTime
                0x00106380       0x58 c:/devkitPro/libctru/lib\libctru.a(os.o)
 .text.osGetMemRegionUsed
                0x001063d8       0x24 c:/devkitPro/libctru/lib\libctru.a(os.o)
                0x001063d8                osGetMemRegionUsed
 *fill*         0x001063fc        0x4 
 .text.__libctru_gtod
                0x00106400       0xf8 c:/devkitPro/libctru/lib\libctru.a(os.o)
                0x00106400                __libctru_gtod
 .text.__ctru_speedup_config
                0x001064f8       0x34 c:/devkitPro/libctru/lib\libctru.a(os.o)
                0x001064f8                __ctru_speedup_config
 .text.srvExit  0x0010652c       0x50 c:/devkitPro/libctru/lib\libctru.a(srv.o)
                0x0010652c                srvExit
 .text.srvRegisterClient
                0x0010657c       0x38 c:/devkitPro/libctru/lib\libctru.a(srv.o)
                0x0010657c                srvRegisterClient
 .text.srvInit  0x001065b4       0x70 c:/devkitPro/libctru/lib\libctru.a(srv.o)
                0x001065b4                srvInit
 .text.srvGetServiceHandleDirect
                0x00106624       0x68 c:/devkitPro/libctru/lib\libctru.a(srv.o)
                0x00106624                srvGetServiceHandleDirect
 .text.srvGetServiceHandle
                0x0010668c       0x38 c:/devkitPro/libctru/lib\libctru.a(srv.o)
                0x0010668c                srvGetServiceHandle
 .text.LightLock_Unlock.part.1
                0x001066c4       0x34 c:/devkitPro/libctru/lib\libctru.a(synchronization.o)
 .text.__sync_init
                0x001066f8        0xc c:/devkitPro/libctru/lib\libctru.a(synchronization.o)
                0x001066f8                __sync_init
 .text.__sync_fini
                0x00106704       0x18 c:/devkitPro/libctru/lib\libctru.a(synchronization.o)
                0x00106704                __sync_fini
 .text.LightLock_Init
                0x0010671c       0x18 c:/devkitPro/libctru/lib\libctru.a(synchronization.o)
                0x0010671c                LightLock_Init
 .text.LightLock_Lock
                0x00106734       0x94 c:/devkitPro/libctru/lib\libctru.a(synchronization.o)
                0x00106734                LightLock_Lock
 .text.LightLock_TryLock
                0x001067c8       0x34 c:/devkitPro/libctru/lib\libctru.a(synchronization.o)
                0x001067c8                LightLock_TryLock
 .text.LightLock_Unlock
                0x001067fc       0x20 c:/devkitPro/libctru/lib\libctru.a(synchronization.o)
                0x001067fc                LightLock_Unlock
 .text.RecursiveLock_Init
                0x0010681c       0x24 c:/devkitPro/libctru/lib\libctru.a(synchronization.o)
                0x0010681c                RecursiveLock_Init
 .text.RecursiveLock_Lock
                0x00106840       0x30 c:/devkitPro/libctru/lib\libctru.a(synchronization.o)
                0x00106840                RecursiveLock_Lock
 .text.RecursiveLock_TryLock
                0x00106870       0x58 c:/devkitPro/libctru/lib\libctru.a(synchronization.o)
                0x00106870                RecursiveLock_TryLock
 .text.RecursiveLock_Unlock
                0x001068c8       0x38 c:/devkitPro/libctru/lib\libctru.a(synchronization.o)
                0x001068c8                RecursiveLock_Unlock
 .text.threadCreate
                0x00106900      0x1c8 c:/devkitPro/libctru/lib\libctru.a(thread.o)
                0x00106900                threadCreate
 .text.threadJoin
                0x00106ac8       0x24 c:/devkitPro/libctru/lib\libctru.a(thread.o)
                0x00106ac8                threadJoin
 .text.threadExit
                0x00106aec       0x6c c:/devkitPro/libctru/lib\libctru.a(thread.o)
                0x00106aec                threadExit
 .text._thread_begin
                0x00106b58       0x3c c:/devkitPro/libctru/lib\libctru.a(thread.o)
 .text.ptmSysmInit
                0x00106b94       0x70 c:/devkitPro/libctru/lib\libctru.a(ptmsysm.o)
                0x00106b94                ptmSysmInit
 .text.ptmSysmExit
                0x00106c04       0x34 c:/devkitPro/libctru/lib\libctru.a(ptmsysm.o)
                0x00106c04                ptmSysmExit
 .text.PTMSYSM_ConfigureNew3DSCPU
                0x00106c38       0x34 c:/devkitPro/libctru/lib\libctru.a(ptmsysm.o)
                0x00106c38                PTMSYSM_ConfigureNew3DSCPU
 .text.rbtree_find
                0x00106c6c       0x70 c:/devkitPro/libctru/lib\libctru.a(rbtree_find.o)
                0x00106c6c                rbtree_find
 .text.rbtree_init
                0x00106cdc       0x14 c:/devkitPro/libctru/lib\libctru.a(rbtree_init.o)
                0x00106cdc                rbtree_init
 .text.do_insert
                0x00106cf0      0x1d4 c:/devkitPro/libctru/lib\libctru.a(rbtree_insert.o)
 .text.rbtree_insert
                0x00106ec4        0x8 c:/devkitPro/libctru/lib\libctru.a(rbtree_insert.o)
                0x00106ec4                rbtree_insert
 .text.rbtree_remove
                0x00106ecc      0x35c c:/devkitPro/libctru/lib\libctru.a(rbtree_remove.o)
                0x00106ecc                rbtree_remove
 .text.rbtree_rotate
                0x00107228       0xac c:/devkitPro/libctru/lib\libctru.a(rbtree_rotate.o)
                0x00107228                rbtree_rotate
 .text.osGetMemRegionSize
                0x001072d4       0x58 c:/devkitPro/libctru/lib\libctru.a(allocateHeaps.o)
 .text.__system_allocateHeaps
                0x0010732c      0x124 c:/devkitPro/libctru/lib\libctru.a(allocateHeaps.o)
                0x0010732c                __system_allocateHeaps
 .text.__appExit
                0x00107450       0x1c c:/devkitPro/libctru/lib\libctru.a(appExit.o)
                0x00107450                __appExit
 .text.__appInit
                0x0010746c       0x1c c:/devkitPro/libctru/lib\libctru.a(appInit.o)
                0x0010746c                __appInit
 .text.__libctru_exit
                0x00107488       0xa4 c:/devkitPro/libctru/lib\libctru.a(ctru_exit.o)
                0x00107488                __libctru_exit
 .text.sdmc_link
                0x0010752c       0x10 c:/devkitPro/libctru/lib\libctru.a(sdmc_dev.o)
 .text.sdmc_dirreset
                0x0010753c       0x10 c:/devkitPro/libctru/lib\libctru.a(sdmc_dev.o)
 .text.sdmc_chmod
                0x0010754c       0x10 c:/devkitPro/libctru/lib\libctru.a(sdmc_dev.o)
 .text.sdmc_fchmod
                0x0010755c       0x10 c:/devkitPro/libctru/lib\libctru.a(sdmc_dev.o)
 .text.error_cmp
                0x0010756c       0x24 c:/devkitPro/libctru/lib\libctru.a(sdmc_dev.o)
 .text.sdmc_translate_error
                0x00107590       0x50 c:/devkitPro/libctru/lib\libctru.a(sdmc_dev.o)
 .text.sdmc_fsync
                0x001075e0       0x34 c:/devkitPro/libctru/lib\libctru.a(sdmc_dev.o)
 .text.sdmc_ftruncate
                0x00107614       0x54 c:/devkitPro/libctru/lib\libctru.a(sdmc_dev.o)
 .text.sdmc_statvfs
                0x00107668       0xac c:/devkitPro/libctru/lib\libctru.a(sdmc_dev.o)
 .text.sdmc_dirclose
                0x00107714       0x38 c:/devkitPro/libctru/lib\libctru.a(sdmc_dev.o)
 .text.sdmc_dirnext
                0x0010774c       0xe0 c:/devkitPro/libctru/lib\libctru.a(sdmc_dev.o)
 .text.sdmc_close
                0x0010782c       0x34 c:/devkitPro/libctru/lib\libctru.a(sdmc_dev.o)
 .text.sdmc_fstat
                0x00107860       0x74 c:/devkitPro/libctru/lib\libctru.a(sdmc_dev.o)
 .text.sdmc_seek
                0x001078d4       0xc0 c:/devkitPro/libctru/lib\libctru.a(sdmc_dev.o)
 .text.sdmc_read
                0x00107994       0x8c c:/devkitPro/libctru/lib\libctru.a(sdmc_dev.o)
 .text.sdmc_write
                0x00107a20      0x108 c:/devkitPro/libctru/lib\libctru.a(sdmc_dev.o)
 .text.sdmc_utf16path
                0x00107b28      0x1b4 c:/devkitPro/libctru/lib\libctru.a(sdmc_dev.o)
 .text.sdmc_rmdir
                0x00107cdc       0x80 c:/devkitPro/libctru/lib\libctru.a(sdmc_dev.o)
 .text.sdmc_diropen
                0x00107d5c       0x9c c:/devkitPro/libctru/lib\libctru.a(sdmc_dev.o)
 .text.sdmc_chdir
                0x00107df8       0xa8 c:/devkitPro/libctru/lib\libctru.a(sdmc_dev.o)
 .text.sdmc_mkdir
                0x00107ea0       0x84 c:/devkitPro/libctru/lib\libctru.a(sdmc_dev.o)
 .text.sdmc_rename
                0x00107f24      0x138 c:/devkitPro/libctru/lib\libctru.a(sdmc_dev.o)
 .text.sdmc_unlink
                0x0010805c       0x80 c:/devkitPro/libctru/lib\libctru.a(sdmc_dev.o)
 .text.sdmc_stat
                0x001080dc      0x120 c:/devkitPro/libctru/lib\libctru.a(sdmc_dev.o)
 .text.sdmc_open
                0x001081fc      0x1ac c:/devkitPro/libctru/lib\libctru.a(sdmc_dev.o)
 .text.sdmcInit
                0x001083a8      0x134 c:/devkitPro/libctru/lib\libctru.a(sdmc_dev.o)
                0x001083a8                sdmcInit
 .text.sdmcExit
                0x001084dc       0x50 c:/devkitPro/libctru/lib\libctru.a(sdmc_dev.o)
                0x001084dc                sdmcExit
 .text.fsInit   0x0010852c       0xc8 c:/devkitPro/libctru/lib\libctru.a(fs.o)
                0x0010852c                fsInit
 .text.fsExit   0x001085f4       0x34 c:/devkitPro/libctru/lib\libctru.a(fs.o)
                0x001085f4                fsExit
 .text.FSUSER_OpenFile
                0x00108628       0xdc c:/devkitPro/libctru/lib\libctru.a(fs.o)
                0x00108628                FSUSER_OpenFile
 .text.FSUSER_DeleteFile
                0x00108704       0xb8 c:/devkitPro/libctru/lib\libctru.a(fs.o)
                0x00108704                FSUSER_DeleteFile
 .text.FSUSER_RenameFile
                0x001087bc       0xf4 c:/devkitPro/libctru/lib\libctru.a(fs.o)
                0x001087bc                FSUSER_RenameFile
 .text.FSUSER_DeleteDirectory
                0x001088b0       0xb8 c:/devkitPro/libctru/lib\libctru.a(fs.o)
                0x001088b0                FSUSER_DeleteDirectory
 .text.FSUSER_CreateFile
                0x00108968       0xd0 c:/devkitPro/libctru/lib\libctru.a(fs.o)
                0x00108968                FSUSER_CreateFile
 .text.FSUSER_CreateDirectory
                0x00108a38       0xc0 c:/devkitPro/libctru/lib\libctru.a(fs.o)
                0x00108a38                FSUSER_CreateDirectory
 .text.FSUSER_RenameDirectory
                0x00108af8       0xf4 c:/devkitPro/libctru/lib\libctru.a(fs.o)
                0x00108af8                FSUSER_RenameDirectory
 .text.FSUSER_OpenDirectory
                0x00108bec       0xc4 c:/devkitPro/libctru/lib\libctru.a(fs.o)
                0x00108bec                FSUSER_OpenDirectory
 .text.FSUSER_OpenArchive
                0x00108cb0       0xbc c:/devkitPro/libctru/lib\libctru.a(fs.o)
                0x00108cb0                FSUSER_OpenArchive
 .text.FSUSER_CloseArchive
                0x00108d6c       0x88 c:/devkitPro/libctru/lib\libctru.a(fs.o)
                0x00108d6c                FSUSER_CloseArchive
 .text.FSUSER_GetSdmcArchiveResource
                0x00108df4       0x8c c:/devkitPro/libctru/lib\libctru.a(fs.o)
                0x00108df4                FSUSER_GetSdmcArchiveResource
 .text.FSUSER_IsSdmcWritable
                0x00108e80       0x64 c:/devkitPro/libctru/lib\libctru.a(fs.o)
                0x00108e80                FSUSER_IsSdmcWritable
 .text.FSFILE_Read
                0x00108ee4       0x5c c:/devkitPro/libctru/lib\libctru.a(fs.o)
                0x00108ee4                FSFILE_Read
 .text.FSFILE_Write
                0x00108f40       0x64 c:/devkitPro/libctru/lib\libctru.a(fs.o)
                0x00108f40                FSFILE_Write
 .text.FSFILE_GetSize
                0x00108fa4       0x3c c:/devkitPro/libctru/lib\libctru.a(fs.o)
                0x00108fa4                FSFILE_GetSize
 .text.FSFILE_SetSize
                0x00108fe0       0x2c c:/devkitPro/libctru/lib\libctru.a(fs.o)
                0x00108fe0                FSFILE_SetSize
 .text.FSFILE_Close
                0x0010900c       0x3c c:/devkitPro/libctru/lib\libctru.a(fs.o)
                0x0010900c                FSFILE_Close
 .text.FSFILE_Flush
                0x00109048       0x24 c:/devkitPro/libctru/lib\libctru.a(fs.o)
                0x00109048                FSFILE_Flush
 .text.FSDIR_Read
                0x0010906c       0x54 c:/devkitPro/libctru/lib\libctru.a(fs.o)
                0x0010906c                FSDIR_Read
 .text.FSDIR_Close
                0x001090c0       0x3c c:/devkitPro/libctru/lib\libctru.a(fs.o)
                0x001090c0                FSDIR_Close
 .text.rbtree_node_next
                0x001090fc       0x8c c:/devkitPro/libctru/lib\libctru.a(rbtree_iterator.o)
                0x001090fc                rbtree_node_next
 .text.decode_utf8
                0x00109188      0x138 c:/devkitPro/libctru/lib\libctru.a(decode_utf8.o)
                0x00109188                decode_utf8
 .text.utf16_to_utf8
                0x001092c0       0xe4 c:/devkitPro/libctru/lib\libctru.a(utf16_to_utf8.o)
                0x001092c0                utf16_to_utf8
 .text.utf8_to_utf16
                0x001093a4       0xbc c:/devkitPro/libctru/lib\libctru.a(utf8_to_utf16.o)
                0x001093a4                utf8_to_utf16
 .text.__aeabi_read_tp
                0x00109460        0xc c:/devkitPro/libctru/lib\libctru.a(readtp.o)
                0x00109460                __aeabi_read_tp
 .text.decode_utf16
                0x0010946c       0x60 c:/devkitPro/libctru/lib\libctru.a(decode_utf16.o)
                0x0010946c                decode_utf16
 .text.encode_utf16
                0x001094cc       0x68 c:/devkitPro/libctru/lib\libctru.a(encode_utf16.o)
                0x001094cc                encode_utf16
 .text.encode_utf8
                0x00109534      0x104 c:/devkitPro/libctru/lib\libctru.a(encode_utf8.o)
                0x00109534                encode_utf8
 .text.bsearch  0x00109638       0x78 c:/devkitpro/devkitarm/bin/../lib/gcc/arm-none-eabi/5.3.0/../../../../arm-none-eabi/lib/armv6k/fpu\libg.a(lib_a-bsearch.o)
                0x00109638                bsearch
 .text.__libc_fini_array
                0x001096b0       0x3c c:/devkitpro/devkitarm/bin/../lib/gcc/arm-none-eabi/5.3.0/../../../../arm-none-eabi/lib/armv6k/fpu\libg.a(lib_a-fini.o)
                0x001096b0                __libc_fini_array
 .text.__libc_init_array
                0x001096ec       0x78 c:/devkitpro/devkitarm/bin/../lib/gcc/arm-none-eabi/5.3.0/../../../../arm-none-eabi/lib/armv6k/fpu\libg.a(lib_a-init.o)
                0x001096ec                __libc_init_array
 .text.memalign
                0x00109764       0x20 c:/devkitpro/devkitarm/bin/../lib/gcc/arm-none-eabi/5.3.0/../../../../arm-none-eabi/lib/armv6k/fpu\libg.a(lib_a-malign.o)
                0x00109764                memalign
 .text._memalign_r
                0x00109784      0x15c c:/devkitpro/devkitarm/bin/../lib/gcc/arm-none-eabi/5.3.0/../../../../arm-none-eabi/lib/armv6k/fpu\libg.a(lib_a-malignr.o)
                0x00109784                _memalign_r
 .text.malloc   0x001098e0       0x18 c:/devkitpro/devkitarm/bin/../lib/gcc/arm-none-eabi/5.3.0/../../../../arm-none-eabi/lib/armv6k/fpu\libg.a(lib_a-malloc.o)
                0x001098e0                malloc
 .text.free     0x001098f8       0x18 c:/devkitpro/devkitarm/bin/../lib/gcc/arm-none-eabi/5.3.0/../../../../arm-none-eabi/lib/armv6k/fpu\libg.a(lib_a-malloc.o)
                0x001098f8                free
 .text._malloc_r
                0x00109910      0x7a8 c:/devkitpro/devkitarm/bin/../lib/gcc/arm-none-eabi/5.3.0/../../../../arm-none-eabi/lib/armv6k/fpu\libg.a(lib_a-mallocr.o)
                0x00109910                _malloc_r
 .text.memcpy   0x0010a0b8       0xf0 c:/devkitpro/devkitarm/bin/../lib/gcc/arm-none-eabi/5.3.0/../../../../arm-none-eabi/lib/armv6k/fpu\libg.a(lib_a-memcpy.o)
                0x0010a0b8                memcpy
 .text.memset   0x0010a1a8       0xf4 c:/devkitpro/devkitarm/bin/../lib/gcc/arm-none-eabi/5.3.0/../../../../arm-none-eabi/lib/armv6k/fpu\libg.a(lib_a-memset.o)
                0x0010a1a8                memset
 .text.__malloc_lock
                0x0010a29c        0xc c:/devkitpro/devkitarm/bin/../lib/gcc/arm-none-eabi/5.3.0/../../../../arm-none-eabi/lib/armv6k/fpu\libg.a(lib_a-mlock.o)
                0x0010a29c                __malloc_lock
 .text.__malloc_unlock
                0x0010a2a8        0xc c:/devkitpro/devkitarm/bin/../lib/gcc/arm-none-eabi/5.3.0/../../../../arm-none-eabi/lib/armv6k/fpu\libg.a(lib_a-mlock.o)
                0x0010a2a8                __malloc_unlock
 .text.printf   0x0010a2b4       0x38 c:/devkitpro/devkitarm/bin/../lib/gcc/arm-none-eabi/5.3.0/../../../../arm-none-eabi/lib/armv6k/fpu\libg.a(lib_a-printf.o)
                0x0010a2b4                printf
 .text.setvbuf  0x0010a2ec      0x1fc c:/devkitpro/devkitarm/bin/../lib/gcc/arm-none-eabi/5.3.0/../../../../arm-none-eabi/lib/armv6k/fpu\libg.a(lib_a-setvbuf.o)
                0x0010a2ec                setvbuf
 .text.sscanf   0x0010a4e8       0x74 c:/devkitpro/devkitarm/bin/../lib/gcc/arm-none-eabi/5.3.0/../../../../arm-none-eabi/lib/armv6k/fpu\libg.a(lib_a-sscanf.o)
                0x0010a4e8                sscanf
 .text.__sread  0x0010a55c       0x30 c:/devkitpro/devkitarm/bin/../lib/gcc/arm-none-eabi/5.3.0/../../../../arm-none-eabi/lib/armv6k/fpu\libg.a(lib_a-stdio.o)
                0x0010a55c                __sread
 .text.__seofread
                0x0010a58c        0x8 c:/devkitpro/devkitarm/bin/../lib/gcc/arm-none-eabi/5.3.0/../../../../arm-none-eabi/lib/armv6k/fpu\libg.a(lib_a-stdio.o)
                0x0010a58c                __seofread
 .text.__swrite
                0x0010a594       0x54 c:/devkitpro/devkitarm/bin/../lib/gcc/arm-none-eabi/5.3.0/../../../../arm-none-eabi/lib/armv6k/fpu\libg.a(lib_a-stdio.o)
                0x0010a594                __swrite
 .text.__sseek  0x0010a5e8       0x2c c:/devkitpro/devkitarm/bin/../lib/gcc/arm-none-eabi/5.3.0/../../../../arm-none-eabi/lib/armv6k/fpu\libg.a(lib_a-stdio.o)
                0x0010a5e8                __sseek
 .text.__sclose
                0x0010a614        0x8 c:/devkitpro/devkitarm/bin/../lib/gcc/arm-none-eabi/5.3.0/../../../../arm-none-eabi/lib/armv6k/fpu\libg.a(lib_a-stdio.o)
                0x0010a614                __sclose
 .text.strchr   0x0010a61c      0x15c c:/devkitpro/devkitarm/bin/../lib/gcc/arm-none-eabi/5.3.0/../../../../arm-none-eabi/lib/armv6k/fpu\libg.a(lib_a-strchr.o)
                0x0010a61c                strchr
 .text.strlen   0x0010a778       0x5c c:/devkitpro/devkitarm/bin/../lib/gcc/arm-none-eabi/5.3.0/../../../../arm-none-eabi/lib/armv6k/fpu\libg.a(lib_a-strlen.o)
                0x0010a778                strlen
 .text.strncat  0x0010a7d4       0xa4 c:/devkitpro/devkitarm/bin/../lib/gcc/arm-none-eabi/5.3.0/../../../../arm-none-eabi/lib/armv6k/fpu\libg.a(lib_a-strncat.o)
                0x0010a7d4                strncat
 .text.strncpy  0x0010a878       0xe0 c:/devkitpro/devkitarm/bin/../lib/gcc/arm-none-eabi/5.3.0/../../../../arm-none-eabi/lib/armv6k/fpu\libg.a(lib_a-strncpy.o)
                0x0010a878                strncpy
 .text.__ssvfscanf_r
                0x0010a958     0x2c20 c:/devkitpro/devkitarm/bin/../lib/gcc/arm-none-eabi/5.3.0/../../../../arm-none-eabi/lib/armv6k/fpu\libg.a(lib_a-svfscanf.o)
                0x0010a958                __ssvfscanf_r
 .text.__sprint_r.part.0
                0x0010d578       0xa4 c:/devkitpro/devkitarm/bin/../lib/gcc/arm-none-eabi/5.3.0/../../../../arm-none-eabi/lib/armv6k/fpu\libg.a(lib_a-vfiprintf.o)
 .text.__sprint_r
                0x0010d61c       0x1c c:/devkitpro/devkitarm/bin/../lib/gcc/arm-none-eabi/5.3.0/../../../../arm-none-eabi/lib/armv6k/fpu\libg.a(lib_a-vfiprintf.o)
                0x0010d61c                __sprint_r
 .text.get_arg  0x0010d638     0x161c c:/devkitpro/devkitarm/bin/../lib/gcc/arm-none-eabi/5.3.0/../../../../arm-none-eabi/lib/armv6k/fpu\libg.a(lib_a-vfprintf.o)
 *fill*         0x0010ec54        0x4 
 .text._vfprintf_r
                0x0010ec58     0x4878 c:/devkitpro/devkitarm/bin/../lib/gcc/arm-none-eabi/5.3.0/../../../../arm-none-eabi/lib/armv6k/fpu\libg.a(lib_a-vfprintf.o)
                0x0010ec58                _vfprintf_r
 .text.__sbprintf
                0x001134d0       0xcc c:/devkitpro/devkitarm/bin/../lib/gcc/arm-none-eabi/5.3.0/../../../../arm-none-eabi/lib/armv6k/fpu\libg.a(lib_a-vfprintf.o)
 .text._wcrtomb_r
                0x0011359c       0x8c c:/devkitpro/devkitarm/bin/../lib/gcc/arm-none-eabi/5.3.0/../../../../arm-none-eabi/lib/armv6k/fpu\libg.a(lib_a-wcrtomb.o)
                0x0011359c                _wcrtomb_r
 .text._wcsrtombs_r
                0x00113628       0x20 c:/devkitpro/devkitarm/bin/../lib/gcc/arm-none-eabi/5.3.0/../../../../arm-none-eabi/lib/armv6k/fpu\libg.a(lib_a-wcsrtombs.o)
                0x00113628                _wcsrtombs_r
 .text.__utf8_wctomb
                0x00113648      0x114 c:/devkitpro/devkitarm/bin/../lib/gcc/arm-none-eabi/5.3.0/../../../../arm-none-eabi/lib/armv6k/fpu\libg.a(lib_a-wctomb_r.o)
                0x00113648                __utf8_wctomb
 .text.__swsetup_r
                0x0011375c      0x148 c:/devkitpro/devkitarm/bin/../lib/gcc/arm-none-eabi/5.3.0/../../../../arm-none-eabi/lib/armv6k/fpu\libg.a(lib_a-wsetup.o)
                0x0011375c                __swsetup_r
 .text.quorem   0x001138a4      0x1bc c:/devkitpro/devkitarm/bin/../lib/gcc/arm-none-eabi/5.3.0/../../../../arm-none-eabi/lib/armv6k/fpu\libg.a(lib_a-dtoa.o)
 .text._dtoa_r  0x00113a60     0x12c8 c:/devkitpro/devkitarm/bin/../lib/gcc/arm-none-eabi/5.3.0/../../../../arm-none-eabi/lib/armv6k/fpu\libg.a(lib_a-dtoa.o)
                0x00113a60                _dtoa_r
 .text.__sflush_r
                0x00114d28      0x230 c:/devkitpro/devkitarm/bin/../lib/gcc/arm-none-eabi/5.3.0/../../../../arm-none-eabi/lib/armv6k/fpu\libg.a(lib_a-fflush.o)
                0x00114d28                __sflush_r
 .text._fflush_r
                0x00114f58       0x90 c:/devkitpro/devkitarm/bin/../lib/gcc/arm-none-eabi/5.3.0/../../../../arm-none-eabi/lib/armv6k/fpu\libg.a(lib_a-fflush.o)
                0x00114f58                _fflush_r
 .text._cleanup_r
                0x00114fe8        0xc c:/devkitpro/devkitarm/bin/../lib/gcc/arm-none-eabi/5.3.0/../../../../arm-none-eabi/lib/armv6k/fpu\libg.a(lib_a-findfp.o)
                0x00114fe8                _cleanup_r
 .text.std.isra.0
                0x00114ff4       0x80 c:/devkitpro/devkitarm/bin/../lib/gcc/arm-none-eabi/5.3.0/../../../../arm-none-eabi/lib/armv6k/fpu\libg.a(lib_a-findfp.o)
 .text.__sinit  0x00115074       0x8c c:/devkitpro/devkitarm/bin/../lib/gcc/arm-none-eabi/5.3.0/../../../../arm-none-eabi/lib/armv6k/fpu\libg.a(lib_a-findfp.o)
                0x00115074                __sinit
 .text.__sfp_lock_acquire
                0x00115100        0xc c:/devkitpro/devkitarm/bin/../lib/gcc/arm-none-eabi/5.3.0/../../../../arm-none-eabi/lib/armv6k/fpu\libg.a(lib_a-findfp.o)
                0x00115100                __sfp_lock_acquire
 .text.__sfp_lock_release
                0x0011510c        0xc c:/devkitpro/devkitarm/bin/../lib/gcc/arm-none-eabi/5.3.0/../../../../arm-none-eabi/lib/armv6k/fpu\libg.a(lib_a-findfp.o)
                0x0011510c                __sfp_lock_release
 .text.__fputwc
                0x00115118      0x124 c:/devkitpro/devkitarm/bin/../lib/gcc/arm-none-eabi/5.3.0/../../../../arm-none-eabi/lib/armv6k/fpu\libg.a(lib_a-fputwc.o)
                0x00115118                __fputwc
 .text._fputwc_r
                0x0011523c       0xa8 c:/devkitpro/devkitarm/bin/../lib/gcc/arm-none-eabi/5.3.0/../../../../arm-none-eabi/lib/armv6k/fpu\libg.a(lib_a-fputwc.o)
                0x0011523c                _fputwc_r
 .text._malloc_trim_r
                0x001152e4       0xf8 c:/devkitpro/devkitarm/bin/../lib/gcc/arm-none-eabi/5.3.0/../../../../arm-none-eabi/lib/armv6k/fpu\libg.a(lib_a-freer.o)
                0x001152e4                _malloc_trim_r
 .text._free_r  0x001153dc      0x2e4 c:/devkitpro/devkitarm/bin/../lib/gcc/arm-none-eabi/5.3.0/../../../../arm-none-eabi/lib/armv6k/fpu\libg.a(lib_a-freer.o)
                0x001153dc                _free_r
 .text.__sfvwrite_r
                0x001156c0      0x4a4 c:/devkitpro/devkitarm/bin/../lib/gcc/arm-none-eabi/5.3.0/../../../../arm-none-eabi/lib/armv6k/fpu\libg.a(lib_a-fvwrite.o)
                0x001156c0                __sfvwrite_r
 .text._fwalk_reent
                0x00115b64       0x80 c:/devkitpro/devkitarm/bin/../lib/gcc/arm-none-eabi/5.3.0/../../../../arm-none-eabi/lib/armv6k/fpu\libg.a(lib_a-fwalk.o)
                0x00115b64                _fwalk_reent
 .text.iswspace
                0x00115be4       0x74 c:/devkitpro/devkitarm/bin/../lib/gcc/arm-none-eabi/5.3.0/../../../../arm-none-eabi/lib/armv6k/fpu\libg.a(lib_a-iswspace.o)
                0x00115be4                iswspace
 .text.__jp2uc  0x00115c58      0x204 c:/devkitpro/devkitarm/bin/../lib/gcc/arm-none-eabi/5.3.0/../../../../arm-none-eabi/lib/armv6k/fpu\libg.a(lib_a-jp2uc.o)
 .text._jp2uc   0x00115e5c       0x84 c:/devkitpro/devkitarm/bin/../lib/gcc/arm-none-eabi/5.3.0/../../../../arm-none-eabi/lib/armv6k/fpu\libg.a(lib_a-jp2uc.o)
                0x00115e5c                _jp2uc
 .text.__locale_charset
                0x00115ee0        0xc c:/devkitpro/devkitarm/bin/../lib/gcc/arm-none-eabi/5.3.0/../../../../arm-none-eabi/lib/armv6k/fpu\libg.a(lib_a-locale.o)
                0x00115ee0                __locale_charset
 .text.__locale_mb_cur_max
                0x00115eec       0x10 c:/devkitpro/devkitarm/bin/../lib/gcc/arm-none-eabi/5.3.0/../../../../arm-none-eabi/lib/armv6k/fpu\libg.a(lib_a-locale.o)
                0x00115eec                __locale_mb_cur_max
 .text._localeconv_r
                0x00115efc        0xc c:/devkitpro/devkitarm/bin/../lib/gcc/arm-none-eabi/5.3.0/../../../../arm-none-eabi/lib/armv6k/fpu\libg.a(lib_a-locale.o)
                0x00115efc                _localeconv_r
 .text.__smakebuf_r
                0x00115f08      0x160 c:/devkitpro/devkitarm/bin/../lib/gcc/arm-none-eabi/5.3.0/../../../../arm-none-eabi/lib/armv6k/fpu\libg.a(lib_a-makebuf.o)
                0x00115f08                __smakebuf_r
 .text._mbrtowc_r
                0x00116068       0x98 c:/devkitpro/devkitarm/bin/../lib/gcc/arm-none-eabi/5.3.0/../../../../arm-none-eabi/lib/armv6k/fpu\libg.a(lib_a-mbrtowc.o)
                0x00116068                _mbrtowc_r
 .text.__utf8_mbtowc
                0x00116100      0x2fc c:/devkitpro/devkitarm/bin/../lib/gcc/arm-none-eabi/5.3.0/../../../../arm-none-eabi/lib/armv6k/fpu\libg.a(lib_a-mbtowc_r.o)
                0x00116100                __utf8_mbtowc
 .text.memchr   0x001163fc      0x100 c:/devkitpro/devkitarm/bin/../lib/gcc/arm-none-eabi/5.3.0/../../../../arm-none-eabi/lib/armv6k/fpu\libg.a(lib_a-memchr.o)
                0x001163fc                memchr
 .text.memmove  0x001164fc      0x128 c:/devkitpro/devkitarm/bin/../lib/gcc/arm-none-eabi/5.3.0/../../../../arm-none-eabi/lib/armv6k/fpu\libg.a(lib_a-memmove.o)
                0x001164fc                memmove
 .text._Balloc  0x00116624       0x8c c:/devkitpro/devkitarm/bin/../lib/gcc/arm-none-eabi/5.3.0/../../../../arm-none-eabi/lib/armv6k/fpu\libg.a(lib_a-mprec.o)
                0x00116624                _Balloc
 .text._Bfree   0x001166b0       0x1c c:/devkitpro/devkitarm/bin/../lib/gcc/arm-none-eabi/5.3.0/../../../../arm-none-eabi/lib/armv6k/fpu\libg.a(lib_a-mprec.o)
                0x001166b0                _Bfree
 .text.__multadd
                0x001166cc       0xd0 c:/devkitpro/devkitarm/bin/../lib/gcc/arm-none-eabi/5.3.0/../../../../arm-none-eabi/lib/armv6k/fpu\libg.a(lib_a-mprec.o)
                0x001166cc                __multadd
 .text.__s2b    0x0011679c       0xe4 c:/devkitpro/devkitarm/bin/../lib/gcc/arm-none-eabi/5.3.0/../../../../arm-none-eabi/lib/armv6k/fpu\libg.a(lib_a-mprec.o)
                0x0011679c                __s2b
 .text.__hi0bits
                0x00116880       0x5c c:/devkitpro/devkitarm/bin/../lib/gcc/arm-none-eabi/5.3.0/../../../../arm-none-eabi/lib/armv6k/fpu\libg.a(lib_a-mprec.o)
                0x00116880                __hi0bits
 .text.__lo0bits
                0x001168dc       0x98 c:/devkitpro/devkitarm/bin/../lib/gcc/arm-none-eabi/5.3.0/../../../../arm-none-eabi/lib/armv6k/fpu\libg.a(lib_a-mprec.o)
                0x001168dc                __lo0bits
 .text.__i2b    0x00116974       0x20 c:/devkitpro/devkitarm/bin/../lib/gcc/arm-none-eabi/5.3.0/../../../../arm-none-eabi/lib/armv6k/fpu\libg.a(lib_a-mprec.o)
                0x00116974                __i2b
 .text.__multiply
                0x00116994      0x1dc c:/devkitpro/devkitarm/bin/../lib/gcc/arm-none-eabi/5.3.0/../../../../arm-none-eabi/lib/armv6k/fpu\libg.a(lib_a-mprec.o)
                0x00116994                __multiply
 .text.__pow5mult
                0x00116b70      0x100 c:/devkitpro/devkitarm/bin/../lib/gcc/arm-none-eabi/5.3.0/../../../../arm-none-eabi/lib/armv6k/fpu\libg.a(lib_a-mprec.o)
                0x00116b70                __pow5mult
 .text.__lshift
                0x00116c70       0xf0 c:/devkitpro/devkitarm/bin/../lib/gcc/arm-none-eabi/5.3.0/../../../../arm-none-eabi/lib/armv6k/fpu\libg.a(lib_a-mprec.o)
                0x00116c70                __lshift
 .text.__mcmp   0x00116d60       0x64 c:/devkitpro/devkitarm/bin/../lib/gcc/arm-none-eabi/5.3.0/../../../../arm-none-eabi/lib/armv6k/fpu\libg.a(lib_a-mprec.o)
                0x00116d60                __mcmp
 .text.__mdiff  0x00116dc4      0x198 c:/devkitpro/devkitarm/bin/../lib/gcc/arm-none-eabi/5.3.0/../../../../arm-none-eabi/lib/armv6k/fpu\libg.a(lib_a-mprec.o)
                0x00116dc4                __mdiff
 .text.__ulp    0x00116f5c       0x78 c:/devkitpro/devkitarm/bin/../lib/gcc/arm-none-eabi/5.3.0/../../../../arm-none-eabi/lib/armv6k/fpu\libg.a(lib_a-mprec.o)
                0x00116f5c                __ulp
 .text.__b2d    0x00116fd4       0xd4 c:/devkitpro/devkitarm/bin/../lib/gcc/arm-none-eabi/5.3.0/../../../../arm-none-eabi/lib/armv6k/fpu\libg.a(lib_a-mprec.o)
                0x00116fd4                __b2d
 .text.__d2b    0x001170a8      0x104 c:/devkitpro/devkitarm/bin/../lib/gcc/arm-none-eabi/5.3.0/../../../../arm-none-eabi/lib/armv6k/fpu\libg.a(lib_a-mprec.o)
                0x001170a8                __d2b
 .text.__ratio  0x001171ac       0x78 c:/devkitpro/devkitarm/bin/../lib/gcc/arm-none-eabi/5.3.0/../../../../arm-none-eabi/lib/armv6k/fpu\libg.a(lib_a-mprec.o)
                0x001171ac                __ratio
 .text.__copybits
                0x00117224       0x6c c:/devkitpro/devkitarm/bin/../lib/gcc/arm-none-eabi/5.3.0/../../../../arm-none-eabi/lib/armv6k/fpu\libg.a(lib_a-mprec.o)
                0x00117224                __copybits
 .text.__any_on
                0x00117290       0x80 c:/devkitpro/devkitarm/bin/../lib/gcc/arm-none-eabi/5.3.0/../../../../arm-none-eabi/lib/armv6k/fpu\libg.a(lib_a-mprec.o)
                0x00117290                __any_on
 .text._realloc_r
                0x00117310      0x4c0 c:/devkitpro/devkitarm/bin/../lib/gcc/arm-none-eabi/5.3.0/../../../../arm-none-eabi/lib/armv6k/fpu\libg.a(lib_a-reallocr.o)
                0x00117310                _realloc_r
 .text.__sccl   0x001177d0       0xd0 c:/devkitpro/devkitarm/bin/../lib/gcc/arm-none-eabi/5.3.0/../../../../arm-none-eabi/lib/armv6k/fpu\libg.a(lib_a-sccl.o)
                0x001177d0                __sccl
 .text.nanf     0x001178a0        0xc c:/devkitpro/devkitarm/bin/../lib/gcc/arm-none-eabi/5.3.0/../../../../arm-none-eabi/lib/armv6k/fpu\libg.a(lib_a-sf_nan.o)
                0x001178a0                nanf
 .text.__fpclassifyd
                0x001178ac       0x74 c:/devkitpro/devkitarm/bin/../lib/gcc/arm-none-eabi/5.3.0/../../../../arm-none-eabi/lib/armv6k/fpu\libg.a(lib_a-s_fpclassify.o)
                0x001178ac                __fpclassifyd
 .text.frexp    0x00117920       0x98 c:/devkitpro/devkitarm/bin/../lib/gcc/arm-none-eabi/5.3.0/../../../../arm-none-eabi/lib/armv6k/fpu\libg.a(lib_a-s_frexp.o)
                0x00117920                frexp
 .text.sprintf  0x001179b8       0x68 c:/devkitpro/devkitarm/bin/../lib/gcc/arm-none-eabi/5.3.0/../../../../arm-none-eabi/lib/armv6k/fpu\libg.a(lib_a-sprintf.o)
                0x001179b8                sprintf
 .text.stpncpy  0x00117a20      0x108 c:/devkitpro/devkitarm/bin/../lib/gcc/arm-none-eabi/5.3.0/../../../../arm-none-eabi/lib/armv6k/fpu\libg.a(lib_a-stpncpy.o)
                0x00117a20                stpncpy
 .text.strncmp  0x00117b28      0x11c c:/devkitpro/devkitarm/bin/../lib/gcc/arm-none-eabi/5.3.0/../../../../arm-none-eabi/lib/armv6k/fpu\libg.a(lib_a-strncmp.o)
                0x00117b28                strncmp
 .text.unlikely.sulp
                0x00117c44       0x58 c:/devkitpro/devkitarm/bin/../lib/gcc/arm-none-eabi/5.3.0/../../../../arm-none-eabi/lib/armv6k/fpu\libg.a(lib_a-strtod.o)
 *fill*         0x00117c9c        0x4 
 .text._strtod_r
                0x00117ca0     0x1450 c:/devkitpro/devkitarm/bin/../lib/gcc/arm-none-eabi/5.3.0/../../../../arm-none-eabi/lib/armv6k/fpu\libg.a(lib_a-strtod.o)
                0x00117ca0                _strtod_r
 .text._strtoll_r
                0x001190f0      0x25c c:/devkitpro/devkitarm/bin/../lib/gcc/arm-none-eabi/5.3.0/../../../../arm-none-eabi/lib/armv6k/fpu\libg.a(lib_a-strtoll_r.o)
                0x001190f0                _strtoll_r
 .text._strtol_r
                0x0011934c      0x1d4 c:/devkitpro/devkitarm/bin/../lib/gcc/arm-none-eabi/5.3.0/../../../../arm-none-eabi/lib/armv6k/fpu\libg.a(lib_a-strtol.o)
                0x0011934c                _strtol_r
 .text._strtoull_r
                0x00119520      0x268 c:/devkitpro/devkitarm/bin/../lib/gcc/arm-none-eabi/5.3.0/../../../../arm-none-eabi/lib/armv6k/fpu\libg.a(lib_a-strtoull_r.o)
                0x00119520                _strtoull_r
 .text._strtoul_r
                0x00119788      0x1d4 c:/devkitpro/devkitarm/bin/../lib/gcc/arm-none-eabi/5.3.0/../../../../arm-none-eabi/lib/armv6k/fpu\libg.a(lib_a-strtoul.o)
                0x00119788                _strtoul_r
 .text.__ssprint_r
                0x0011995c      0x1a8 c:/devkitpro/devkitarm/bin/../lib/gcc/arm-none-eabi/5.3.0/../../../../arm-none-eabi/lib/armv6k/fpu\libg.a(lib_a-svfiprintf.o)
                0x0011995c                __ssprint_r
 .text._sungetc_r
                0x00119b04       0xf8 c:/devkitpro/devkitarm/bin/../lib/gcc/arm-none-eabi/5.3.0/../../../../arm-none-eabi/lib/armv6k/fpu\libg.a(lib_a-svfiscanf.o)
                0x00119b04                _sungetc_r
 .text.__ssrefill_r
                0x00119bfc       0x6c c:/devkitpro/devkitarm/bin/../lib/gcc/arm-none-eabi/5.3.0/../../../../arm-none-eabi/lib/armv6k/fpu\libg.a(lib_a-svfiscanf.o)
                0x00119bfc                __ssrefill_r
 .text._sfread_r
                0x00119c68       0xc8 c:/devkitpro/devkitarm/bin/../lib/gcc/arm-none-eabi/5.3.0/../../../../arm-none-eabi/lib/armv6k/fpu\libg.a(lib_a-svfiscanf.o)
                0x00119c68                _sfread_r
 .text.get_arg  0x00119d30     0x161c c:/devkitpro/devkitarm/bin/../lib/gcc/arm-none-eabi/5.3.0/../../../../arm-none-eabi/lib/armv6k/fpu\libg.a(lib_a-svfprintf.o)
 *fill*         0x0011b34c        0x4 
 .text._svfprintf_r
                0x0011b350     0x4a00 c:/devkitpro/devkitarm/bin/../lib/gcc/arm-none-eabi/5.3.0/../../../../arm-none-eabi/lib/armv6k/fpu\libg.a(lib_a-svfprintf.o)
                0x0011b350                _svfprintf_r
 .text.__submore
                0x0011fd50       0xa8 c:/devkitpro/devkitarm/bin/../lib/gcc/arm-none-eabi/5.3.0/../../../../arm-none-eabi/lib/armv6k/fpu\libg.a(lib_a-ungetc.o)
                0x0011fd50                __submore
 .text.__swbuf_r
                0x0011fdf8      0x124 c:/devkitpro/devkitarm/bin/../lib/gcc/arm-none-eabi/5.3.0/../../../../arm-none-eabi/lib/armv6k/fpu\libg.a(lib_a-wbuf.o)
                0x0011fdf8                __swbuf_r
 .text._wcsnrtombs_r
                0x0011ff1c      0x190 c:/devkitpro/devkitarm/bin/../lib/gcc/arm-none-eabi/5.3.0/../../../../arm-none-eabi/lib/armv6k/fpu\libg.a(lib_a-wcsnrtombs.o)
                0x0011ff1c                _wcsnrtombs_r
 .text._calloc_r
                0x001200ac       0x90 c:/devkitpro/devkitarm/bin/../lib/gcc/arm-none-eabi/5.3.0/../../../../arm-none-eabi/lib/armv6k/fpu\libg.a(lib_a-callocr.o)
                0x001200ac                _calloc_r
 .text._fclose_r
                0x0012013c      0x120 c:/devkitpro/devkitarm/bin/../lib/gcc/arm-none-eabi/5.3.0/../../../../arm-none-eabi/lib/armv6k/fpu\libg.a(lib_a-fclose.o)
                0x0012013c                _fclose_r
 .text.rshift   0x0012025c       0xec c:/devkitpro/devkitarm/bin/../lib/gcc/arm-none-eabi/5.3.0/../../../../arm-none-eabi/lib/armv6k/fpu\libg.a(lib_a-gdtoa-gethex.o)
 .text.__gethex
                0x00120348      0x7d0 c:/devkitpro/devkitarm/bin/../lib/gcc/arm-none-eabi/5.3.0/../../../../arm-none-eabi/lib/armv6k/fpu\libg.a(lib_a-gdtoa-gethex.o)
                0x00120348                __gethex
 .text.__hexnan
                0x00120b18      0x258 c:/devkitpro/devkitarm/bin/../lib/gcc/arm-none-eabi/5.3.0/../../../../arm-none-eabi/lib/armv6k/fpu\libg.a(lib_a-gdtoa-hexnan.o)
                0x00120b18                __hexnan
 .text.__errno  0x00120d70        0xc c:/devkitpro/devkitarm/bin/../lib/gcc/arm-none-eabi/5.3.0/../../../../arm-none-eabi/lib/armv6k/fpu\libg.a(lib_a-errno.o)
                0x00120d70                __errno
 .text.strnlen  0x00120d7c       0x5c c:/devkitpro/devkitarm/bin/../lib/gcc/arm-none-eabi/5.3.0/../../../../arm-none-eabi/lib/armv6k/fpu\libg.a(lib_a-strnlen.o)
                0x00120d7c                strnlen
 .text.strrchr  0x00120dd8       0x44 c:/devkitpro/devkitarm/bin/../lib/gcc/arm-none-eabi/5.3.0/../../../../arm-none-eabi/lib/armv6k/fpu\libg.a(lib_a-strrchr.o)
                0x00120dd8                strrchr
 *(.glue_7)
 .glue_7        0x00120e1c        0x0 linker stubs
 *(.glue_7t)
 .glue_7t       0x00120e1c        0x0 linker stubs
 *(.stub)
 *(.gnu.warning)
 *(.gnu.linkonce.t*)
                0x00120e1c                . = ALIGN (0x4)
 *(.fini)
 .fini          0x00120e1c        0xc c:/devkitpro/devkitarm/bin/../lib/gcc/arm-none-eabi/5.3.0/armv6k/fpu/crti.o
                0x00120e1c                _fini
 .fini          0x00120e28        0xc c:/devkitpro/devkitarm/bin/../lib/gcc/arm-none-eabi/5.3.0/armv6k/fpu/crtn.o
                0x00120e34                . = ALIGN (0x4)

.vfp11_veneer   0x00120e34        0x0
 .vfp11_veneer  0x00120e34        0x0 linker stubs

.v4_bx          0x00120e34        0x0
 .v4_bx         0x00120e34        0x0 linker stubs

.iplt           0x00120e34        0x0
 .iplt          0x00120e34        0x0 c:/devkitpro/devkitarm/bin/../lib/gcc/arm-none-eabi/5.3.0/../../../../arm-none-eabi/lib/armv6k/fpu/3dsx_crt0.o

.rodata         0x00121000     0x4748
 *(.rodata)
 .rodata        0x00121000      0x168 c:/devkitPro/libctru/lib\libctru.a(console.o)
 .rodata        0x00121168       0x1c c:/devkitPro/libctru/lib\libctru.a(gfx.o)
 .rodata        0x00121184        0xc c:/devkitPro/libctru/lib\libctru.a(apt.o)
 .rodata        0x00121190      0x804 c:/devkitPro/libctru/lib\libctru.a(default_font.bin.o)
                0x00121190                default_font_bin
                0x00121990                default_font_bin_size
                0x00121990                default_font_bin_end
 .rodata        0x00121994       0x30 c:/devkitPro/libctru/lib\libctru.a(sdmc_dev.o)
 .rodata        0x001219c4       0x68 c:/devkitpro/devkitarm/bin/../lib/gcc/arm-none-eabi/5.3.0/../../../../arm-none-eabi/lib/armv6k/fpu\libsysbase.a(iosupport.o)
                0x001219c4                dotab_stdnull
 .rodata        0x00121a2c        0xc c:/devkitpro/devkitarm/bin/../lib/gcc/arm-none-eabi/5.3.0/../../../../arm-none-eabi/lib/armv6k/fpu\libsysbase.a(chdir.o)
                0x00121a2c                DIRECTORY_PARENT
                0x00121a30                DIRECTORY_THIS
                0x00121a34                DIRECTORY_SEPARATOR
 *(.roda)
 *(.rodata.*)
 .rodata.str1.4
                0x00121a38       0x31 main.o
                                 0x34 (size before relaxing)
 *fill*         0x00121a69        0x3 
 .rodata.str1.4
                0x00121a6c       0x70 c:/devkitPro/libctru/lib\libctru.a(console.o)
 .rodata.str1.4
                0x00121adc       0x16 c:/devkitPro/libctru/lib\libctru.a(apt.o)
                                 0x18 (size before relaxing)
 *fill*         0x00121af2        0x2 
 .rodata.str1.4
                0x00121af4        0x9 c:/devkitPro/libctru/lib\libctru.a(gspgpu.o)
                                  0xc (size before relaxing)
 *fill*         0x00121afd        0x3 
 .rodata.str1.4
                0x00121b00       0x15 c:/devkitPro/libctru/lib\libctru.a(hid.o)
                                 0x18 (size before relaxing)
 *fill*         0x00121b15        0x3 
 .rodata.str1.4
                0x00121b18        0x7 c:/devkitPro/libctru/lib\libctru.a(irrst.o)
                                  0x8 (size before relaxing)
 *fill*         0x00121b1f        0x1 
 .rodata.str1.4
                0x00121b20        0x5 c:/devkitPro/libctru/lib\libctru.a(srv.o)
                                  0x8 (size before relaxing)
 *fill*         0x00121b25        0x3 
 .rodata.str1.4
                0x00121b28        0x2 c:/devkitPro/libctru/lib\libctru.a(thread.o)
                                  0x4 (size before relaxing)
 *fill*         0x00121b2a        0x2 
 .rodata.str1.4
                0x00121b2c        0x9 c:/devkitPro/libctru/lib\libctru.a(ptmsysm.o)
                                  0xc (size before relaxing)
 *fill*         0x00121b35        0x3 
 .rodata.str1.4
                0x00121b38        0x5 c:/devkitPro/libctru/lib\libctru.a(sdmc_dev.o)
                                  0xc (size before relaxing)
 *fill*         0x00121b3d        0x3 
 .rodata.str1.4
                0x00121b40        0x8 c:/devkitPro/libctru/lib\libctru.a(fs.o)
                                  0xc (size before relaxing)
 .rodata.str1.4
                0x00121b48        0x4 c:/devkitpro/devkitarm/bin/../lib/gcc/arm-none-eabi/5.3.0/../../../../arm-none-eabi/lib/armv6k/fpu\libg.a(lib_a-impure.o)
 .rodata.basefix.7044
                0x00121b48       0x24 c:/devkitpro/devkitarm/bin/../lib/gcc/arm-none-eabi/5.3.0/../../../../arm-none-eabi/lib/armv6k/fpu\libg.a(lib_a-svfscanf.o)
 .rodata.str1.4
                0x00121b6c        0x5 c:/devkitpro/devkitarm/bin/../lib/gcc/arm-none-eabi/5.3.0/../../../../arm-none-eabi/lib/armv6k/fpu\libg.a(lib_a-svfscanf.o)
                                  0x8 (size before relaxing)
 *fill*         0x00121b71        0x3 
 .rodata.zeroes.7138
                0x00121b74       0x10 c:/devkitpro/devkitarm/bin/../lib/gcc/arm-none-eabi/5.3.0/../../../../arm-none-eabi/lib/armv6k/fpu\libg.a(lib_a-vfprintf.o)
 .rodata.str1.4
                0x00121b84       0x42 c:/devkitpro/devkitarm/bin/../lib/gcc/arm-none-eabi/5.3.0/../../../../arm-none-eabi/lib/armv6k/fpu\libg.a(lib_a-vfprintf.o)
                                 0x44 (size before relaxing)
 *fill*         0x00121bc6        0x2 
 .rodata.blanks.7137
                0x00121bc8       0x10 c:/devkitpro/devkitarm/bin/../lib/gcc/arm-none-eabi/5.3.0/../../../../arm-none-eabi/lib/armv6k/fpu\libg.a(lib_a-vfprintf.o)
 .rodata._ctype_
                0x00121bd8      0x104 c:/devkitpro/devkitarm/bin/../lib/gcc/arm-none-eabi/5.3.0/../../../../arm-none-eabi/lib/armv6k/fpu\libg.a(lib_a-ctype_.o)
                0x00121bd8                _ctype_
 .rodata.str1.4
                0x00121cdc       0x10 c:/devkitpro/devkitarm/bin/../lib/gcc/arm-none-eabi/5.3.0/../../../../arm-none-eabi/lib/armv6k/fpu\libg.a(lib_a-dtoa.o)
                                 0x14 (size before relaxing)
 .rodata.a1     0x00121cec       0xbc c:/devkitpro/devkitarm/bin/../lib/gcc/arm-none-eabi/5.3.0/../../../../arm-none-eabi/lib/armv6k/fpu\libg.a(lib_a-jp2uc.o)
 .rodata.a2     0x00121da8       0xbc c:/devkitpro/devkitarm/bin/../lib/gcc/arm-none-eabi/5.3.0/../../../../arm-none-eabi/lib/armv6k/fpu\libg.a(lib_a-jp2uc.o)
 .rodata.a3     0x00121e64       0x5c c:/devkitpro/devkitarm/bin/../lib/gcc/arm-none-eabi/5.3.0/../../../../arm-none-eabi/lib/armv6k/fpu\libg.a(lib_a-jp2uc.o)
 .rodata.a6     0x00121ec0       0x70 c:/devkitpro/devkitarm/bin/../lib/gcc/arm-none-eabi/5.3.0/../../../../arm-none-eabi/lib/armv6k/fpu\libg.a(lib_a-jp2uc.o)
 .rodata.a7     0x00121f30       0xa4 c:/devkitpro/devkitarm/bin/../lib/gcc/arm-none-eabi/5.3.0/../../../../arm-none-eabi/lib/armv6k/fpu\libg.a(lib_a-jp2uc.o)
 .rodata.a8     0x00121fd4       0x40 c:/devkitpro/devkitarm/bin/../lib/gcc/arm-none-eabi/5.3.0/../../../../arm-none-eabi/lib/armv6k/fpu\libg.a(lib_a-jp2uc.o)
 .rodata.str1.4
                0x00122014       0x12 c:/devkitpro/devkitarm/bin/../lib/gcc/arm-none-eabi/5.3.0/../../../../arm-none-eabi/lib/armv6k/fpu\libg.a(lib_a-jp2uc.o)
                                 0x14 (size before relaxing)
 *fill*         0x00122026        0x2 
 .rodata.b02cf  0x00122028     0x172c c:/devkitpro/devkitarm/bin/../lib/gcc/arm-none-eabi/5.3.0/../../../../arm-none-eabi/lib/armv6k/fpu\libg.a(lib_a-jp2uc.o)
 .rodata.d02f4  0x00123754     0x1a7c c:/devkitpro/devkitarm/bin/../lib/gcc/arm-none-eabi/5.3.0/../../../../arm-none-eabi/lib/armv6k/fpu\libg.a(lib_a-jp2uc.o)
 .rodata.str1.4
                0x001251d0      0x112 c:/devkitpro/devkitarm/bin/../lib/gcc/arm-none-eabi/5.3.0/../../../../arm-none-eabi/lib/armv6k/fpu\libg.a(lib_a-locale.o)
                                0x130 (size before relaxing)
 .rodata.str1.4
                0x001252e2        0x4 c:/devkitpro/devkitarm/bin/../lib/gcc/arm-none-eabi/5.3.0/../../../../arm-none-eabi/lib/armv6k/fpu\libg.a(lib_a-mbrtowc.o)
 *fill*         0x001252e2        0x6 
 .rodata.__mprec_tens
                0x001252e8       0xc8 c:/devkitpro/devkitarm/bin/../lib/gcc/arm-none-eabi/5.3.0/../../../../arm-none-eabi/lib/armv6k/fpu\libg.a(lib_a-mprec.o)
                0x001252e8                __mprec_tens
 .rodata.p05.5412
                0x001253b0        0xc c:/devkitpro/devkitarm/bin/../lib/gcc/arm-none-eabi/5.3.0/../../../../arm-none-eabi/lib/armv6k/fpu\libg.a(lib_a-mprec.o)
 *fill*         0x001253bc        0x4 
 .rodata.__mprec_bigtens
                0x001253c0       0x28 c:/devkitpro/devkitarm/bin/../lib/gcc/arm-none-eabi/5.3.0/../../../../arm-none-eabi/lib/armv6k/fpu\libg.a(lib_a-mprec.o)
                0x001253c0                __mprec_bigtens
 .rodata.fpinan.5417
                0x001253e8       0x14 c:/devkitpro/devkitarm/bin/../lib/gcc/arm-none-eabi/5.3.0/../../../../arm-none-eabi/lib/armv6k/fpu\libg.a(lib_a-strtod.o)
 .rodata.str1.4
                0x001253fc        0xf c:/devkitpro/devkitarm/bin/../lib/gcc/arm-none-eabi/5.3.0/../../../../arm-none-eabi/lib/armv6k/fpu\libg.a(lib_a-strtod.o)
                                 0x10 (size before relaxing)
 *fill*         0x0012540b        0x1 
 .rodata.fpi.5381
                0x0012540c       0x14 c:/devkitpro/devkitarm/bin/../lib/gcc/arm-none-eabi/5.3.0/../../../../arm-none-eabi/lib/armv6k/fpu\libg.a(lib_a-strtod.o)
 .rodata.tinytens
                0x00125420       0x28 c:/devkitpro/devkitarm/bin/../lib/gcc/arm-none-eabi/5.3.0/../../../../arm-none-eabi/lib/armv6k/fpu\libg.a(lib_a-strtod.o)
 .rodata.__state_table
                0x00125448       0x6c c:/devkitpro/devkitarm/bin/../lib/gcc/arm-none-eabi/5.3.0/../../../../arm-none-eabi/lib/armv6k/fpu\libg.a(lib_a-svfiprintf.o)
                0x00125448                __state_table
 .rodata.__chclass
                0x001254b4      0x100 c:/devkitpro/devkitarm/bin/../lib/gcc/arm-none-eabi/5.3.0/../../../../arm-none-eabi/lib/armv6k/fpu\libg.a(lib_a-svfiprintf.o)
                0x001254b4                __chclass
 .rodata.__action_table
                0x001255b4       0x6c c:/devkitpro/devkitarm/bin/../lib/gcc/arm-none-eabi/5.3.0/../../../../arm-none-eabi/lib/armv6k/fpu\libg.a(lib_a-svfiprintf.o)
                0x001255b4                __action_table
 .rodata.blanks.7122
                0x00125620       0x10 c:/devkitpro/devkitarm/bin/../lib/gcc/arm-none-eabi/5.3.0/../../../../arm-none-eabi/lib/armv6k/fpu\libg.a(lib_a-svfprintf.o)
 .rodata.str1.4
                0x00125630       0x44 c:/devkitpro/devkitarm/bin/../lib/gcc/arm-none-eabi/5.3.0/../../../../arm-none-eabi/lib/armv6k/fpu\libg.a(lib_a-svfprintf.o)
 .rodata.zeroes.7123
                0x00125630       0x10 c:/devkitpro/devkitarm/bin/../lib/gcc/arm-none-eabi/5.3.0/../../../../arm-none-eabi/lib/armv6k/fpu\libg.a(lib_a-svfprintf.o)
 .rodata.__hexdig
                0x00125640      0x100 c:/devkitpro/devkitarm/bin/../lib/gcc/arm-none-eabi/5.3.0/../../../../arm-none-eabi/lib/armv6k/fpu\libg.a(lib_a-gdtoa-gethex.o)
                0x00125640                __hexdig
 .rodata.str1.4
                0x00125740        0x8 c:/devkitpro/devkitarm/bin/../lib/gcc/arm-none-eabi/5.3.0/../../../../arm-none-eabi/lib/armv6k/fpu\libsysbase.a(iosupport.o)
 *all.rodata*(*)
 *(.gnu.linkonce.r*)
                0x00125748                . = ALIGN (0x4)

.eh_frame       0x00125748        0x0
 .eh_frame      0x00125748        0x0 c:/devkitpro/devkitarm/bin/../lib/gcc/arm-none-eabi/5.3.0/armv6k/fpu/crtbegin.o

.rel.dyn        0x00125748        0x0
 .rel.iplt      0x00125748        0x0 c:/devkitpro/devkitarm/bin/../lib/gcc/arm-none-eabi/5.3.0/../../../../arm-none-eabi/lib/armv6k/fpu/3dsx_crt0.o

.ARM.extab
 *(.ARM.extab* .gnu.linkonce.armextab.*)
                0x00125748                __exidx_start = .

ARM.exidx
 *(.ARM.exidx* .gnu.linkonce.armexidx.*)
                0x00125748                __exidx_end = .

.data           0x00126000     0x2e40
 *(.data)
 .data          0x00126000       0x54 c:/devkitPro/libctru/lib\libctru.a(console.o)
                0x00126000                defaultConsole
                0x0012604c                currentConsole
 .data          0x00126054        0xc c:/devkitPro/libctru/lib\libctru.a(gfx.o)
 .data          0x00126060        0x4 c:/devkitPro/libctru/lib\libctru.a(stack_adjust.o)
                0x00126060                __stacksize__
 *fill*         0x00126064        0x4 
 .data          0x00126068      0x488 c:/devkitPro/libctru/lib\libctru.a(sdmc_dev.o)
 .data          0x001264f0       0x44 c:/devkitpro/devkitarm/bin/../lib/gcc/arm-none-eabi/5.3.0/../../../../arm-none-eabi/lib/armv6k/fpu\libsysbase.a(iosupport.o)
                0x001264f4                devoptab_list
 .data          0x00126534     0x1000 c:/devkitpro/devkitarm/bin/../lib/gcc/arm-none-eabi/5.3.0/../../../../arm-none-eabi/lib/armv6k/fpu\libsysbase.a(chdir.o)
 .data          0x00127534     0x1028 c:/devkitpro/devkitarm/bin/../lib/gcc/arm-none-eabi/5.3.0/../../../../arm-none-eabi/lib/armv6k/fpu\libsysbase.a(handle_manager.o)
 *(.data.*)
 *fill*         0x0012855c        0x4 
 .data.impure_data
                0x00128560      0x440 c:/devkitpro/devkitarm/bin/../lib/gcc/arm-none-eabi/5.3.0/../../../../arm-none-eabi/lib/armv6k/fpu\libg.a(lib_a-impure.o)
 .data._impure_ptr
                0x001289a0        0x4 c:/devkitpro/devkitarm/bin/../lib/gcc/arm-none-eabi/5.3.0/../../../../arm-none-eabi/lib/armv6k/fpu\libg.a(lib_a-impure.o)
                0x001289a0                _impure_ptr
 .data.__malloc_av_
                0x001289a4      0x408 c:/devkitpro/devkitarm/bin/../lib/gcc/arm-none-eabi/5.3.0/../../../../arm-none-eabi/lib/armv6k/fpu\libg.a(lib_a-mallocr.o)
                0x001289a4                __malloc_av_
 .data.__malloc_trim_threshold
                0x00128dac        0x4 c:/devkitpro/devkitarm/bin/../lib/gcc/arm-none-eabi/5.3.0/../../../../arm-none-eabi/lib/armv6k/fpu\libg.a(lib_a-mallocr.o)
                0x00128dac                __malloc_trim_threshold
 .data.__malloc_sbrk_base
                0x00128db0        0x4 c:/devkitpro/devkitarm/bin/../lib/gcc/arm-none-eabi/5.3.0/../../../../arm-none-eabi/lib/armv6k/fpu\libg.a(lib_a-mallocr.o)
                0x00128db0                __malloc_sbrk_base
 .data.__malloc_lock_object
                0x00128db4        0xc c:/devkitpro/devkitarm/bin/../lib/gcc/arm-none-eabi/5.3.0/../../../../arm-none-eabi/lib/armv6k/fpu\libg.a(lib_a-mlock.o)
 .data.__wctomb
                0x00128dc0        0x4 c:/devkitpro/devkitarm/bin/../lib/gcc/arm-none-eabi/5.3.0/../../../../arm-none-eabi/lib/armv6k/fpu\libg.a(lib_a-wctomb_r.o)
                0x00128dc0                __wctomb
 .data.__ctype_ptr__
                0x00128dc4        0x4 c:/devkitpro/devkitarm/bin/../lib/gcc/arm-none-eabi/5.3.0/../../../../arm-none-eabi/lib/armv6k/fpu\libg.a(lib_a-ctype_.o)
                0x00128dc4                __ctype_ptr__
 .data.__sfp_lock
                0x00128dc8        0xc c:/devkitpro/devkitarm/bin/../lib/gcc/arm-none-eabi/5.3.0/../../../../arm-none-eabi/lib/armv6k/fpu\libg.a(lib_a-findfp.o)
 .data.__sinit_lock
                0x00128dd4        0xc c:/devkitpro/devkitarm/bin/../lib/gcc/arm-none-eabi/5.3.0/../../../../arm-none-eabi/lib/armv6k/fpu\libg.a(lib_a-findfp.o)
 .data.lconv    0x00128de0       0x38 c:/devkitpro/devkitarm/bin/../lib/gcc/arm-none-eabi/5.3.0/../../../../arm-none-eabi/lib/armv6k/fpu\libg.a(lib_a-locale.o)
 .data.lc_ctype_charset
                0x00128e18       0x20 c:/devkitpro/devkitarm/bin/../lib/gcc/arm-none-eabi/5.3.0/../../../../arm-none-eabi/lib/armv6k/fpu\libg.a(lib_a-locale.o)
 .data.__mb_cur_max
                0x00128e38        0x4 c:/devkitpro/devkitarm/bin/../lib/gcc/arm-none-eabi/5.3.0/../../../../arm-none-eabi/lib/armv6k/fpu\libg.a(lib_a-locale.o)
                0x00128e38                __mb_cur_max
 .data.__mbtowc
                0x00128e3c        0x4 c:/devkitpro/devkitarm/bin/../lib/gcc/arm-none-eabi/5.3.0/../../../../arm-none-eabi/lib/armv6k/fpu\libg.a(lib_a-mbtowc_r.o)
                0x00128e3c                __mbtowc
 *(.gnu.linkonce.d*)
                0x00128e40                . = ALIGN (0x4)

.igot.plt       0x00128e40        0x0
 .igot.plt      0x00128e40        0x0 c:/devkitpro/devkitarm/bin/../lib/gcc/arm-none-eabi/5.3.0/../../../../arm-none-eabi/lib/armv6k/fpu/3dsx_crt0.o

.jcr            0x00128e40        0x0
 .jcr           0x00128e40        0x0 c:/devkitpro/devkitarm/bin/../lib/gcc/arm-none-eabi/5.3.0/armv6k/fpu/crtbegin.o

.tm_clone_table
                0x00128e40        0x0
 .tm_clone_table
                0x00128e40        0x0 c:/devkitpro/devkitarm/bin/../lib/gcc/arm-none-eabi/5.3.0/armv6k/fpu/crtbegin.o
 .tm_clone_table
                0x00128e40        0x0 c:/devkitpro/devkitarm/bin/../lib/gcc/arm-none-eabi/5.3.0/armv6k/fpu/crtend.o
                0x00128e40                __TMC_END__

.tdata          0x00128e40        0x0
                0x00128e40                __tdata_lma = .
 *(.tdata)
 *(.tdata.*)
 *(.gnu.linkonce.td.*)
                0x00128e40                . = ALIGN (0x4)
                0x00128e40                __tdata_lma_end = .

.tbss           0x00128e40     0x340c
 *(.tbss)
 .tbss          0x00128e40     0x340c c:/devkitPro/libctru/lib\libctru.a(sdmc_dev.o)
 *(.tbss.*)
 *(.gnu.linkonce.tb.*)
 *(.tcommon)
                0x0012c24c                . = ALIGN (0x4)

.preinit_array  0x00128e40        0x0
                0x00128e40                PROVIDE (__preinit_array_start, .)
 *(.preinit_array)
                0x00128e40                PROVIDE (__preinit_array_end, .)

.init_array     0x00128e40        0x4
                0x00128e40                PROVIDE (__init_array_start, .)
 *(SORT(.init_array.*))
 *(.init_array)
 .init_array    0x00128e40        0x4 c:/devkitpro/devkitarm/bin/../lib/gcc/arm-none-eabi/5.3.0/armv6k/fpu/crtbegin.o
                0x00128e44                PROVIDE (__init_array_end, .)

.fini_array     0x00128e44        0x4
                0x00128e44                PROVIDE (__fini_array_start, .)
 *(.fini_array)
 .fini_array    0x00128e44        0x4 c:/devkitpro/devkitarm/bin/../lib/gcc/arm-none-eabi/5.3.0/armv6k/fpu/crtbegin.o
 *(SORT(.fini_array.*))
                0x00128e48                PROVIDE (__fini_array_end, .)

.ctors
 *crtbegin.o(.ctors)
 *(EXCLUDE_FILE(*crtend.o) .ctors)
 *(SORT(.ctors.*))
 *(.ctors)

.dtors
 *crtbegin.o(.dtors)
 *(EXCLUDE_FILE(*crtend.o) .dtors)
 *(SORT(.dtors.*))
 *(.dtors)
                0x00128e48                __bss_start__ = .

.bss            0x00128e48     0x5758
 *(.dynbss)
 *(.bss)
 .bss           0x00128e48       0x1c c:/devkitpro/devkitarm/bin/../lib/gcc/arm-none-eabi/5.3.0/armv6k/fpu/crtbegin.o
 .bss           0x00128e64        0xc c:/devkitPro/libctru/lib\libctru.a(gfx.o)
 .bss           0x00128e70       0x54 c:/devkitPro/libctru/lib\libctru.a(apt.o)
                0x00128e80                aptStatus
                0x00128eac                aptStatusBeforeSleep
 .bss           0x00128ec4        0xc c:/devkitPro/libctru/lib\libctru.a(gspgpu.o)
 .bss           0x00128ed0       0x2c c:/devkitPro/libctru/lib\libctru.a(hid.o)
 .bss           0x00128efc        0xc c:/devkitPro/libctru/lib\libctru.a(irrst.o)
 .bss           0x00128f08        0x8 c:/devkitPro/libctru/lib\libctru.a(stack_adjust.o)
 .bss           0x00128f10       0x14 c:/devkitPro/libctru/lib\libctru.a(linear.o)
 .bss           0x00128f24       0x14 c:/devkitPro/libctru/lib\libctru.a(mappable.o)
 .bss           0x00128f38       0x14 c:/devkitPro/libctru/lib\libctru.a(vram.o)
 .bss           0x00128f4c        0x1 c:/devkitPro/libctru/lib\libctru.a(os.o)
                0x00128f4c                __ctru_speedup
 *fill*         0x00128f4d        0x3 
 .bss           0x00128f50        0x8 c:/devkitPro/libctru/lib\libctru.a(srv.o)
 .bss           0x00128f58        0x4 c:/devkitPro/libctru/lib\libctru.a(synchronization.o)
 .bss           0x00128f5c        0x8 c:/devkitPro/libctru/lib\libctru.a(ptmsysm.o)
 .bss           0x00128f64        0x1 c:/devkitPro/libctru/lib\libctru.a(sdmc_dev.o)
 *fill*         0x00128f65        0x3 
 .bss           0x00128f68        0x8 c:/devkitPro/libctru/lib\libctru.a(fs.o)
 .bss           0x00128f70        0x4 c:/devkitpro/devkitarm/bin/../lib/gcc/arm-none-eabi/5.3.0/../../../../arm-none-eabi/lib/armv6k/fpu\libsysbase.a(sbrk.o)
 .bss           0x00128f74        0x8 c:/devkitpro/devkitarm/bin/../lib/gcc/arm-none-eabi/5.3.0/../../../../arm-none-eabi/lib/armv6k/fpu\libsysbase.a(malloc_vars.o)
                0x00128f74                fake_heap_start
                0x00128f78                fake_heap_end
 .bss           0x00128f7c     0x1000 c:/devkitpro/devkitarm/bin/../lib/gcc/arm-none-eabi/5.3.0/../../../../arm-none-eabi/lib/armv6k/fpu\libsysbase.a(chdir.o)
 .bss           0x00129f7c       0x38 c:/devkitpro/devkitarm/bin/../lib/gcc/arm-none-eabi/5.3.0/../../../../arm-none-eabi/lib/armv6k/fpu\libsysbase.a(syscall_support.o)
                0x00129f7c                __syscalls
 *(.bss.*)
 .bss.__malloc_max_total_mem
                0x00129fb4        0x4 c:/devkitpro/devkitarm/bin/../lib/gcc/arm-none-eabi/5.3.0/../../../../arm-none-eabi/lib/armv6k/fpu\libg.a(lib_a-mallocr.o)
                0x00129fb4                __malloc_max_total_mem
 .bss.__malloc_max_sbrked_mem
                0x00129fb8        0x4 c:/devkitpro/devkitarm/bin/../lib/gcc/arm-none-eabi/5.3.0/../../../../arm-none-eabi/lib/armv6k/fpu\libg.a(lib_a-mallocr.o)
                0x00129fb8                __malloc_max_sbrked_mem
 .bss.__malloc_top_pad
                0x00129fbc        0x4 c:/devkitpro/devkitarm/bin/../lib/gcc/arm-none-eabi/5.3.0/../../../../arm-none-eabi/lib/armv6k/fpu\libg.a(lib_a-mallocr.o)
                0x00129fbc                __malloc_top_pad
 .bss.__malloc_current_mallinfo
                0x00129fc0       0x28 c:/devkitpro/devkitarm/bin/../lib/gcc/arm-none-eabi/5.3.0/../../../../arm-none-eabi/lib/armv6k/fpu\libg.a(lib_a-mallocr.o)
                0x00129fc0                __malloc_current_mallinfo
 *(.gnu.linkonce.b*)
 *(COMMON)
 COMMON         0x00129fe8       0x4c c:/devkitPro/libctru/lib\libctru.a(console.o)
                0x00129fe8                currentCopy
 COMMON         0x0012a034       0x60 c:/devkitPro/libctru/lib\libctru.a(gfx.o)
                0x0012a034                gfxBottomFramebuffers
                0x0012a03c                gspSharedMemHandle
                0x0012a040                bottomFramebufferInfo
                0x0012a05c                gspEvent
                0x0012a060                gfxTopLeftFramebuffers
                0x0012a068                gfxTopRightFramebuffers
                0x0012a070                topFramebufferInfo
                0x0012a08c                gfxThreadID
                0x0012a090                gfxSharedMemory
 COMMON         0x0012a094        0x4 c:/devkitPro/libctru/lib\libctru.a(gx.o)
                0x0012a094                gxCmdBuf
 COMMON         0x0012a098     0x102a c:/devkitPro/libctru/lib\libctru.a(apt.o)
                0x0012a098                aptEventHandlerThread
                0x0012a09c                aptSleepSync
                0x0012a0a0                aptParameters
                0x0012b0a0                aptuHandle
                0x0012b0a4                aptEvents
                0x0012b0b0                aptStatusEvent
                0x0012b0b4                aptStatusPower
                0x0012b0b8                aptStatusMutex
                0x0012b0bc                aptLockHandle
                0x0012b0c0                currentAppId
 *fill*         0x0012b0c2        0x2 
 COMMON         0x0012b0c4       0x84 c:/devkitPro/libctru/lib\libctru.a(gspgpu.o)
                0x0012b0c4                gspEventCbOneShot
                0x0012b0cc                gspEventCb
                0x0012b0e8                gspGpuHandle
                0x0012b0ec                gspEventThread
                0x0012b0f0                gspEventCounts
                0x0012b10c                gspEvents
                0x0012b128                gspRunEvents
                0x0012b12c                gspEventCbData
 COMMON         0x0012b148       0x20 c:/devkitPro/libctru/lib\libctru.a(hid.o)
                0x0012b148                hidMemHandle
                0x0012b14c                hidHandle
                0x0012b150                hidSharedMem
                0x0012b154                hidEvents
 COMMON         0x0012b168       0x10 c:/devkitPro/libctru/lib\libctru.a(irrst.o)
                0x0012b168                irrstHandle
                0x0012b16c                irrstEvent
                0x0012b170                irrstMemHandle
                0x0012b174                irrstSharedMem
 COMMON         0x0012b178        0x8 c:/devkitPro/libctru/lib\libctru.a(initArgv.o)
                0x0012b178                __system_argv
                0x0012b17c                __system_argc
 COMMON         0x0012b180        0x4 c:/devkitPro/libctru/lib\libctru.a(initSystem.o)
                0x0012b180                __system_retAddr
 COMMON         0x0012b184       0x10 c:/devkitPro/libctru/lib\libctru.a(allocateHeaps.o)
                0x0012b184                __ctru_heap_size
                0x0012b188                __ctru_linear_heap
                0x0012b18c                __ctru_heap
                0x0012b190                __ctru_linear_heap_size
                0x0012b194                . = ALIGN (0x4)
                0x0012b194                __tls_start = .
                0x0012e5a0                . = (. + (SIZEOF (.tdata) + SIZEOF (.tbss)))
 *fill*         0x0012b194     0x340c 
                0x0012e5a0                __tls_end = .
                0x0012e5a0                __bss_end__ = .
                0x0012e5a0                __end__ = ABSOLUTE (.)

/DISCARD/
 *(.group .comment .note)

.stab
 *(.stab)

.stabstr
 *(.stabstr)

.stab.excl
 *(.stab.excl)

.stab.exclstr
 *(.stab.exclstr)

.stab.index
 *(.stab.index)

.stab.indexstr
 *(.stab.indexstr)

.debug
 *(.debug)

.line
 *(.line)

.debug_srcinfo
 *(.debug_srcinfo)

.debug_sfnames
 *(.debug_sfnames)

.debug_aranges  0x00000000     0x1250
 *(.debug_aranges)
 .debug_aranges
                0x00000000       0x20 main.o
 .debug_aranges
                0x00000020       0x88 c:/devkitPro/libctru/lib\libctru.a(console.o)
 .debug_aranges
                0x000000a8       0x98 c:/devkitPro/libctru/lib\libctru.a(gfx.o)
 .debug_aranges
                0x00000140       0x48 c:/devkitPro/libctru/lib\libctru.a(gx.o)
 .debug_aranges
                0x00000188      0x1f8 c:/devkitPro/libctru/lib\libctru.a(apt.o)
 .debug_aranges
                0x00000380       0xd8 c:/devkitPro/libctru/lib\libctru.a(gspgpu.o)
 .debug_aranges
                0x00000458       0xb0 c:/devkitPro/libctru/lib\libctru.a(hid.o)
 .debug_aranges
                0x00000508       0x68 c:/devkitPro/libctru/lib\libctru.a(irrst.o)
 .debug_aranges
                0x00000570       0x20 c:/devkitPro/libctru/lib\libctru.a(initArgv.o)
 .debug_aranges
                0x00000590       0x20 c:/devkitPro/libctru/lib\libctru.a(initSystem.o)
 .debug_aranges
                0x000005b0       0x28 c:/devkitPro/libctru/lib\libctru.a(syscalls.o)
 .debug_aranges
                0x000005d8      0x240 c:/devkitPro/libctru/lib\libctru.a(svc.o)
 .debug_aranges
                0x00000818       0x20 c:/devkitPro/libctru/lib\libctru.a(stack_adjust.o)
 .debug_aranges
                0x00000838       0x50 c:/devkitPro/libctru/lib\libctru.a(linear.o)
 .debug_aranges
                0x00000888       0x40 c:/devkitPro/libctru/lib\libctru.a(mappable.o)
 .debug_aranges
                0x000008c8       0x38 c:/devkitPro/libctru/lib\libctru.a(mem_pool.o)
 .debug_aranges
                0x00000900       0x50 c:/devkitPro/libctru/lib\libctru.a(vram.o)
 .debug_aranges
                0x00000950       0x28 c:/devkitPro/libctru/lib\libctru.a(env.o)
 .debug_aranges
                0x00000978       0x68 c:/devkitPro/libctru/lib\libctru.a(os.o)
 .debug_aranges
                0x000009e0       0xa8 c:/devkitPro/libctru/lib\libctru.a(srv.o)
 .debug_aranges
                0x00000a88       0x78 c:/devkitPro/libctru/lib\libctru.a(synchronization.o)
 .debug_aranges